C:/Users/eymen/CodesPrograms/Embedded/Embedded-Image-Processing/DCMI_example/Src/main.c:78:6:vprint	216	static
C:/Users/eymen/CodesPrograms/Embedded/Embedded-Image-Processing/DCMI_example/Src/main.c:86:6:my_printf	16	static
C:/Users/eymen/CodesPrograms/Embedded/Embedded-Image-Processing/DCMI_example/Src/main.c:99:5:main	8	static
C:/Users/eymen/CodesPrograms/Embedded/Embedded-Image-Processing/DCMI_example/Src/main.c:209:6:SystemClock_Config	88	static
C:/Users/eymen/CodesPrograms/Embedded/Embedded-Image-Processing/DCMI_example/Src/main.c:257:6:PeriphCommonClock_Config	24	static
C:/Users/eymen/CodesPrograms/Embedded/Embedded-Image-Processing/DCMI_example/Src/main.c:277:13:MX_DCMI_Init	8	static
C:/Users/eymen/CodesPrograms/Embedded/Embedded-Image-Processing/DCMI_example/Src/main.c:310:13:MX_I2C1_Init	8	static
C:/Users/eymen/CodesPrograms/Embedded/Embedded-Image-Processing/DCMI_example/Src/main.c:344:13:MX_USART2_UART_Init	8	static
C:/Users/eymen/CodesPrograms/Embedded/Embedded-Image-Processing/DCMI_example/Src/main.c:375:13:MX_DMA_Init	16	static
C:/Users/eymen/CodesPrograms/Embedded/Embedded-Image-Processing/DCMI_example/Src/main.c:397:13:MX_GPIO_Init	48	static
C:/Users/eymen/CodesPrograms/Embedded/Embedded-Image-Processing/DCMI_example/Src/main.c:459:6:Error_Handler	4	static,ignoring_inline_asm
