Archive member included to satisfy reference by file (symbol)

c:/st/stm32cubeide_1.8.0/stm32cubeide/plugins/com.st.stm32cube.ide.mcu.externaltools.gnu-tools-for-stm32.10.3-2021.10.win32_1.0.0.202111181127/tools/bin/../lib/gcc/arm-none-eabi/10.3.1/../../../../arm-none-eabi/lib/thumb/v7e-m+fp/hard\libc_nano.a(lib_a-errno.o)
                              ./Application/User/syscalls.o (__errno)
c:/st/stm32cubeide_1.8.0/stm32cubeide/plugins/com.st.stm32cube.ide.mcu.externaltools.gnu-tools-for-stm32.10.3-2021.10.win32_1.0.0.202111181127/tools/bin/../lib/gcc/arm-none-eabi/10.3.1/../../../../arm-none-eabi/lib/thumb/v7e-m+fp/hard\libc_nano.a(lib_a-exit.o)
                              c:/st/stm32cubeide_1.8.0/stm32cubeide/plugins/com.st.stm32cube.ide.mcu.externaltools.gnu-tools-for-stm32.10.3-2021.10.win32_1.0.0.202111181127/tools/bin/../lib/gcc/arm-none-eabi/10.3.1/../../../../arm-none-eabi/lib/thumb/v7e-m+fp/hard/crt0.o (exit)
c:/st/stm32cubeide_1.8.0/stm32cubeide/plugins/com.st.stm32cube.ide.mcu.externaltools.gnu-tools-for-stm32.10.3-2021.10.win32_1.0.0.202111181127/tools/bin/../lib/gcc/arm-none-eabi/10.3.1/../../../../arm-none-eabi/lib/thumb/v7e-m+fp/hard\libc_nano.a(lib_a-fread.o)
                              ./Middlewares/LibJPEG/jdatasrc.o (fread)
c:/st/stm32cubeide_1.8.0/stm32cubeide/plugins/com.st.stm32cube.ide.mcu.externaltools.gnu-tools-for-stm32.10.3-2021.10.win32_1.0.0.202111181127/tools/bin/../lib/gcc/arm-none-eabi/10.3.1/../../../../arm-none-eabi/lib/thumb/v7e-m+fp/hard\libc_nano.a(lib_a-fwrite.o)
                              ./Middlewares/LibJPEG/jdatadst.o (fwrite)
c:/st/stm32cubeide_1.8.0/stm32cubeide/plugins/com.st.stm32cube.ide.mcu.externaltools.gnu-tools-for-stm32.10.3-2021.10.win32_1.0.0.202111181127/tools/bin/../lib/gcc/arm-none-eabi/10.3.1/../../../../arm-none-eabi/lib/thumb/v7e-m+fp/hard\libc_nano.a(lib_a-impure.o)
                              c:/st/stm32cubeide_1.8.0/stm32cubeide/plugins/com.st.stm32cube.ide.mcu.externaltools.gnu-tools-for-stm32.10.3-2021.10.win32_1.0.0.202111181127/tools/bin/../lib/gcc/arm-none-eabi/10.3.1/../../../../arm-none-eabi/lib/thumb/v7e-m+fp/hard\libc_nano.a(lib_a-exit.o) (_global_impure_ptr)
c:/st/stm32cubeide_1.8.0/stm32cubeide/plugins/com.st.stm32cube.ide.mcu.externaltools.gnu-tools-for-stm32.10.3-2021.10.win32_1.0.0.202111181127/tools/bin/../lib/gcc/arm-none-eabi/10.3.1/../../../../arm-none-eabi/lib/thumb/v7e-m+fp/hard\libc_nano.a(lib_a-init.o)
                              c:/st/stm32cubeide_1.8.0/stm32cubeide/plugins/com.st.stm32cube.ide.mcu.externaltools.gnu-tools-for-stm32.10.3-2021.10.win32_1.0.0.202111181127/tools/bin/../lib/gcc/arm-none-eabi/10.3.1/../../../../arm-none-eabi/lib/thumb/v7e-m+fp/hard/crt0.o (__libc_init_array)
c:/st/stm32cubeide_1.8.0/stm32cubeide/plugins/com.st.stm32cube.ide.mcu.externaltools.gnu-tools-for-stm32.10.3-2021.10.win32_1.0.0.202111181127/tools/bin/../lib/gcc/arm-none-eabi/10.3.1/../../../../arm-none-eabi/lib/thumb/v7e-m+fp/hard\libc_nano.a(lib_a-lock.o)
                              c:/st/stm32cubeide_1.8.0/stm32cubeide/plugins/com.st.stm32cube.ide.mcu.externaltools.gnu-tools-for-stm32.10.3-2021.10.win32_1.0.0.202111181127/tools/bin/../lib/gcc/arm-none-eabi/10.3.1/../../../../arm-none-eabi/lib/thumb/v7e-m+fp/hard\libc_nano.a(lib_a-fread.o) (__retarget_lock_acquire_recursive)
c:/st/stm32cubeide_1.8.0/stm32cubeide/plugins/com.st.stm32cube.ide.mcu.externaltools.gnu-tools-for-stm32.10.3-2021.10.win32_1.0.0.202111181127/tools/bin/../lib/gcc/arm-none-eabi/10.3.1/../../../../arm-none-eabi/lib/thumb/v7e-m+fp/hard\libc_nano.a(lib_a-malloc.o)
                              ./Middlewares/LibJPEG/jdatadst.o (malloc)
c:/st/stm32cubeide_1.8.0/stm32cubeide/plugins/com.st.stm32cube.ide.mcu.externaltools.gnu-tools-for-stm32.10.3-2021.10.win32_1.0.0.202111181127/tools/bin/../lib/gcc/arm-none-eabi/10.3.1/../../../../arm-none-eabi/lib/thumb/v7e-m+fp/hard\libc_nano.a(lib_a-memcpy-stub.o)
                              ./Middlewares/LibJPEG/jchuff.o (memcpy)
c:/st/stm32cubeide_1.8.0/stm32cubeide/plugins/com.st.stm32cube.ide.mcu.externaltools.gnu-tools-for-stm32.10.3-2021.10.win32_1.0.0.202111181127/tools/bin/../lib/gcc/arm-none-eabi/10.3.1/../../../../arm-none-eabi/lib/thumb/v7e-m+fp/hard\libc_nano.a(lib_a-memset.o)
                              c:/st/stm32cubeide_1.8.0/stm32cubeide/plugins/com.st.stm32cube.ide.mcu.externaltools.gnu-tools-for-stm32.10.3-2021.10.win32_1.0.0.202111181127/tools/bin/../lib/gcc/arm-none-eabi/10.3.1/../../../../arm-none-eabi/lib/thumb/v7e-m+fp/hard/crt0.o (memset)
c:/st/stm32cubeide_1.8.0/stm32cubeide/plugins/com.st.stm32cube.ide.mcu.externaltools.gnu-tools-for-stm32.10.3-2021.10.win32_1.0.0.202111181127/tools/bin/../lib/gcc/arm-none-eabi/10.3.1/../../../../arm-none-eabi/lib/thumb/v7e-m+fp/hard\libc_nano.a(lib_a-nano-freer.o)
[...]
Memory Configuration

Name             Origin             Length             Attributes
CCMRAM           0x0000000010000000 0x0000000000010000 xrw
RAM              0x0000000020000000 0x0000000000020000 xrw
FLASH            0x0000000008000000 0x0000000000100000 xr
*default*        0x0000000000000000 0xffffffffffffffff

Linker script and memory map

LOAD c:/st/stm32cubeide_1.8.0/stm32cubeide/plugins/com.st.stm32cube.ide.mcu.externaltools.gnu-tools-for-stm32.10.3-2021.10.win32_1.0.0.202111181127/tools/bin/../lib/gcc/arm-none-eabi/10.3.1/thumb/v7e-m+fp/hard/crti.o
LOAD c:/st/stm32cubeide_1.8.0/stm32cubeide/plugins/com.st.stm32cube.ide.mcu.externaltools.gnu-tools-for-stm32.10.3-2021.10.win32_1.0.0.202111181127/tools/bin/../lib/gcc/arm-none-eabi/10.3.1/thumb/v7e-m+fp/hard/crtbegin.o
LOAD c:/st/stm32cubeide_1.8.0/stm32cubeide/plugins/com.st.stm32cube.ide.mcu.externaltools.gnu-tools-for-stm32.10.3-2021.10.win32_1.0.0.202111181127/tools/bin/../lib/gcc/arm-none-eabi/10.3.1/../../../../arm-none-eabi/lib/thumb/v7e-m+fp/hard/crt0.o
LOAD ./Application/Startup/startup_stm32f407vgtx.o
LOAD ./Application/User/libjpeg.o
LOAD ./Application/User/main.o
LOAD ./Application/User/stm32f4xx_hal_msp.o
LOAD ./Application/User/stm32f4xx_it.o
LOAD ./Application/User/syscalls.o
LOAD ./Application/User/sysmem.o
LOAD ./Drivers/CMSIS/system_stm32f4xx.o
LOAD ./Drivers/STM32F4xx_HAL_Driver/stm32f4xx_hal.o
LOAD ./Drivers/STM32F4xx_HAL_Driver/stm32f4xx_hal_cortex.o
LOAD ./Drivers/STM32F4xx_HAL_Driver/stm32f4xx_hal_dcmi.o
LOAD ./Drivers/STM32F4xx_HAL_Driver/stm32f4xx_hal_dcmi_ex.o
LOAD ./Drivers/STM32F4xx_HAL_Driver/stm32f4xx_hal_dma.o
LOAD ./Drivers/STM32F4xx_HAL_Driver/stm32f4xx_hal_dma_ex.o
LOAD ./Drivers/STM32F4xx_HAL_Driver/stm32f4xx_hal_exti.o
LOAD ./Drivers/STM32F4xx_HAL_Driver/stm32f4xx_hal_flash.o
LOAD ./Drivers/STM32F4xx_HAL_Driver/stm32f4xx_hal_flash_ex.o
LOAD ./Drivers/STM32F4xx_HAL_Driver/stm32f4xx_hal_flash_ramfunc.o
LOAD ./Drivers/STM32F4xx_HAL_Driver/stm32f4xx_hal_gpio.o
LOAD ./Drivers/STM32F4xx_HAL_Driver/stm32f4xx_hal_i2c.o
LOAD ./Drivers/STM32F4xx_HAL_Driver/stm32f4xx_hal_i2c_ex.o
LOAD ./Drivers/STM32F4xx_HAL_Driver/stm32f4xx_hal_pwr.o
LOAD ./Drivers/STM32F4xx_HAL_Driver/stm32f4xx_hal_pwr_ex.o
LOAD ./Drivers/STM32F4xx_HAL_Driver/stm32f4xx_hal_rcc.o
LOAD ./Drivers/STM32F4xx_HAL_Driver/stm32f4xx_hal_rcc_ex.o
LOAD ./Drivers/STM32F4xx_HAL_Driver/stm32f4xx_hal_tim.o
LOAD ./Drivers/STM32F4xx_HAL_Driver/stm32f4xx_hal_tim_ex.o
LOAD ./Drivers/STM32F4xx_HAL_Driver/stm32f4xx_hal_uart.o
LOAD ./Middlewares/LibJPEG/jaricom.o
LOAD ./Middlewares/LibJPEG/jcapimin.o
LOAD ./Middlewares/LibJPEG/jcapistd.o
LOAD ./Middlewares/LibJPEG/jcarith.o
LOAD ./Middlewares/LibJPEG/jccoefct.o
LOAD ./Middlewares/LibJPEG/jccolor.o
LOAD ./Middlewares/LibJPEG/jcdctmgr.o
LOAD ./Middlewares/LibJPEG/jchuff.o
LOAD ./Middlewares/LibJPEG/jcinit.o
LOAD ./Middlewares/LibJPEG/jcmainct.o
LOAD ./Middlewares/LibJPEG/jcmarker.o
LOAD ./Middlewares/LibJPEG/jcmaster.o
LOAD ./Middlewares/LibJPEG/jcomapi.o
LOAD ./Middlewares/LibJPEG/jcparam.o
LOAD ./Middlewares/LibJPEG/jcprepct.o
LOAD ./Middlewares/LibJPEG/jcsample.o
LOAD ./Middlewares/LibJPEG/jctrans.o
LOAD ./Middlewares/LibJPEG/jdapimin.o
LOAD ./Middlewares/LibJPEG/jdapistd.o
LOAD ./Middlewares/LibJPEG/jdarith.o
LOAD ./Middlewares/LibJPEG/jdatadst.o
LOAD ./Middlewares/LibJPEG/jdatasrc.o
LOAD ./Middlewares/LibJPEG/jdcoefct.o
LOAD ./Middlewares/LibJPEG/jdcolor.o
LOAD ./Middlewares/LibJPEG/jddctmgr.o
LOAD ./Middlewares/LibJPEG/jdhuff.o
LOAD ./Middlewares/LibJPEG/jdinput.o
LOAD ./Middlewares/LibJPEG/jdmainct.o
LOAD ./Middlewares/LibJPEG/jdmarker.o
LOAD ./Middlewares/LibJPEG/jdmaster.o
LOAD ./Middlewares/LibJPEG/jdmerge.o
LOAD ./Middlewares/LibJPEG/jdpostct.o
LOAD ./Middlewares/LibJPEG/jdsample.o
LOAD ./Middlewares/LibJPEG/jdtrans.o
LOAD ./Middlewares/LibJPEG/jerror.o
LOAD ./Middlewares/LibJPEG/jfdctflt.o
LOAD ./Middlewares/LibJPEG/jfdctfst.o
LOAD ./Middlewares/LibJPEG/jfdctint.o
LOAD ./Middlewares/LibJPEG/jidctflt.o
LOAD ./Middlewares/LibJPEG/jidctfst.o
LOAD ./Middlewares/LibJPEG/jidctint.o
LOAD ./Middlewares/LibJPEG/jmemmgr.o
LOAD ./Middlewares/LibJPEG/jmemnobs.o
LOAD ./Middlewares/LibJPEG/jquant1.o
LOAD ./Middlewares/LibJPEG/jquant2.o
LOAD ./Middlewares/LibJPEG/jutils.o
LOAD ./ov7670.o
START GROUP
LOAD c:/st/stm32cubeide_1.8.0/stm32cubeide/plugins/com.st.stm32cube.ide.mcu.externaltools.gnu-tools-for-stm32.10.3-2021.10.win32_1.0.0.202111181127/tools/bin/../lib/gcc/arm-none-eabi/10.3.1/../../../../arm-none-eabi/lib/thumb/v7e-m+fp/hard\libc_nano.a
LOAD c:/st/stm32cubeide_1.8.0/stm32cubeide/plugins/com.st.stm32cube.ide.mcu.externaltools.gnu-tools-for-stm32.10.3-2021.10.win32_1.0.0.202111181127/tools/bin/../lib/gcc/arm-none-eabi/10.3.1/../../../../arm-none-eabi/lib/thumb/v7e-m+fp/hard\libm.a
END GROUP
START GROUP
LOAD c:/st/stm32cubeide_1.8.0/stm32cubeide/plugins/com.st.stm32cube.ide.mcu.externaltools.gnu-tools-for-stm32.10.3-2021.10.win32_1.0.0.202111181127/tools/bin/../lib/gcc/arm-none-eabi/10.3.1/thumb/v7e-m+fp/hard\libgcc.a
LOAD c:/st/stm32cubeide_1.8.0/stm32cubeide/plugins/com.st.stm32cube.ide.mcu.externaltools.gnu-tools-for-stm32.10.3-2021.10.win32_1.0.0.202111181127/tools/bin/../lib/gcc/arm-none-eabi/10.3.1/../../../../arm-none-eabi/lib/thumb/v7e-m+fp/hard\libc_nano.a
END GROUP
START GROUP
LOAD c:/st/stm32cubeide_1.8.0/stm32cubeide/plugins/com.st.stm32cube.ide.mcu.externaltools.gnu-tools-for-stm32.10.3-2021.10.win32_1.0.0.202111181127/tools/bin/../lib/gcc/arm-none-eabi/10.3.1/thumb/v7e-m+fp/hard\libgcc.a
LOAD c:/st/stm32cubeide_1.8.0/stm32cubeide/plugins/com.st.stm32cube.ide.mcu.externaltools.gnu-tools-for-stm32.10.3-2021.10.win32_1.0.0.202111181127/tools/bin/../lib/gcc/arm-none-eabi/10.3.1/../../../../arm-none-eabi/lib/thumb/v7e-m+fp/hard\libc_nano.a
LOAD c:/st/stm32cubeide_1.8.0/stm32cubeide/plugins/com.st.stm32cube.ide.mcu.externaltools.gnu-tools-for-stm32.10.3-2021.10.win32_1.0.0.202111181127/tools/bin/../lib/gcc/arm-none-eabi/10.3.1/../../../../arm-none-eabi/lib/thumb/v7e-m+fp/hard\libnosys.a
END GROUP
START GROUP
LOAD c:/st/stm32cubeide_1.8.0/stm32cubeide/plugins/com.st.stm32cube.ide.mcu.externaltools.gnu-tools-for-stm32.10.3-2021.10.win32_1.0.0.202111181127/tools/bin/../lib/gcc/arm-none-eabi/10.3.1/thumb/v7e-m+fp/hard\libgcc.a
LOAD c:/st/stm32cubeide_1.8.0/stm32cubeide/plugins/com.st.stm32cube.ide.mcu.externaltools.gnu-tools-for-stm32.10.3-2021.10.win32_1.0.0.202111181127/tools/bin/../lib/gcc/arm-none-eabi/10.3.1/../../../../arm-none-eabi/lib/thumb/v7e-m+fp/hard\libc_nano.a
LOAD c:/st/stm32cubeide_1.8.0/stm32cubeide/plugins/com.st.stm32cube.ide.mcu.externaltools.gnu-tools-for-stm32.10.3-2021.10.win32_1.0.0.202111181127/tools/bin/../lib/gcc/arm-none-eabi/10.3.1/../../../../arm-none-eabi/lib/thumb/v7e-m+fp/hard\libnosys.a
END GROUP
LOAD c:/st/stm32cubeide_1.8.0/stm32cubeide/plugins/com.st.stm32cube.ide.mcu.externaltools.gnu-tools-for-stm32.10.3-2021.10.win32_1.0.0.202111181127/tools/bin/../lib/gcc/arm-none-eabi/10.3.1/thumb/v7e-m+fp/hard/crtend.o
LOAD c:/st/stm32cubeide_1.8.0/stm32cubeide/plugins/com.st.stm32cube.ide.mcu.externaltools.gnu-tools-for-stm32.10.3-2021.10.win32_1.0.0.202111181127/tools/bin/../lib/gcc/arm-none-eabi/10.3.1/thumb/v7e-m+fp/hard/crtn.o
                0x0000000020020000                _estack = (ORIGIN (RAM) + LENGTH (RAM))
                0x0000000000000200                _Min_Heap_Size = 0x200
                0x0000000000000400                _Min_Stack_Size = 0x400

.isr_vector     0x0000000008000000      0x188
                0x0000000008000000                . = ALIGN (0x4)
 *(.isr_vector)
 .isr_vector    0x0000000008000000      0x188 ./Application/Startup/startup_stm32f407vgtx.o
                0x0000000008000000                g_pfnVectors
                0x0000000008000188                . = ALIGN (0x4)

.text           0x0000000008000190     0x7b38
                0x0000000008000190                . = ALIGN (0x4)
 *(.text)
 .text          0x0000000008000190       0x40 c:/st/stm32cubeide_1.8.0/stm32cubeide/plugins/com.st.stm32cube.ide.mcu.externaltools.gnu-tools-for-stm32.10.3-2021.10.win32_1.0.0.202111181127/tools/bin/../lib/gcc/arm-none-eabi/10.3.1/thumb/v7e-m+fp/hard/crtbegin.o
 .text          0x00000000080001d0       0x10 c:/st/stm32cubeide_1.8.0/stm32cubeide/plugins/com.st.stm32cube.ide.mcu.externaltools.gnu-tools-for-stm32.10.3-2021.10.win32_1.0.0.202111181127/tools/bin/../lib/gcc/arm-none-eabi/10.3.1/../../../../arm-none-eabi/lib/thumb/v7e-m+fp/hard\libc_nano.a(lib_a-strlen.o)
                0x00000000080001d0                strlen
 .text          0x00000000080001e0       0xa0 c:/st/stm32cubeide_1.8.0/stm32cubeide/plugins/com.st.stm32cube.ide.mcu.externaltools.gnu-tools-for-stm32.10.3-2021.10.win32_1.0.0.202111181127/tools/bin/../lib/gcc/arm-none-eabi/10.3.1/../../../../arm-none-eabi/lib/thumb/v7e-m+fp/hard\libc_nano.a(lib_a-memchr.o)
                0x00000000080001e0                memchr
 .text          0x0000000008000280       0x30 c:/st/stm32cubeide_1.8.0/stm32cubeide/plugins/com.st.stm32cube.ide.mcu.externaltools.gnu-tools-for-stm32.10.3-2021.10.win32_1.0.0.202111181127/tools/bin/../lib/gcc/arm-none-eabi/10.3.1/thumb/v7e-m+fp/hard\libgcc.a(_aeabi_uldivmod.o)
                0x0000000008000280                __aeabi_uldivmod
 .text          0x00000000080002b0      0x2d0 c:/st/stm32cubeide_1.8.0/stm32cubeide/plugins/com.st.stm32cube.ide.mcu.externaltools.gnu-tools-for-stm32.10.3-2021.10.win32_1.0.0.202111181127/tools/bin/../lib/gcc/arm-none-eabi/10.3.1/thumb/v7e-m+fp/hard\libgcc.a(_udivmoddi4.o)
                0x00000000080002b0                __udivmoddi4
 .text          0x0000000008000580        0x4 c:/st/stm32cubeide_1.8.0/stm32cubeide/plugins/com.st.stm32cube.ide.mcu.externaltools.gnu-tools-for-stm32.10.3-2021.10.win32_1.0.0.202111181127/tools/bin/../lib/gcc/arm-none-eabi/10.3.1/thumb/v7e-m+fp/hard\libgcc.a(_dvmd_tls.o)
                0x0000000008000580                __aeabi_idiv0
                0x0000000008000580                __aeabi_ldiv0
 *(.text*)
 .text.Reset_Handler
                0x0000000008000584       0x50 ./Application/Startup/startup_stm32f407vgtx.o
                0x0000000008000584                Reset_Handler
 .text.Default_Handler
                0x00000000080005d4        0x2 ./Application/Startup/startup_stm32f407vgtx.o
                0x00000000080005d4                RTC_Alarm_IRQHandler
                0x00000000080005d4                HASH_RNG_IRQHandler
                0x00000000080005d4                EXTI2_IRQHandler
                0x00000000080005d4                TIM8_CC_IRQHandler
                0x00000000080005d4                TIM1_CC_IRQHandler
                0x00000000080005d4                DMA2_Stream5_IRQHandler
                0x00000000080005d4                DMA1_Stream5_IRQHandler
                0x00000000080005d4                PVD_IRQHandler
                0x00000000080005d4                SDIO_IRQHandler
                0x00000000080005d4                TAMP_STAMP_IRQHandler
                0x00000000080005d4                CAN2_RX1_IRQHandler
                0x00000000080005d4                EXTI3_IRQHandler
                0x00000000080005d4                TIM8_TRG_COM_TIM14_IRQHandler
                0x00000000080005d4                TIM1_UP_TIM10_IRQHandler
                0x00000000080005d4                TIM8_UP_TIM13_IRQHandler
                0x00000000080005d4                I2C3_ER_IRQHandler
                0x00000000080005d4                EXTI0_IRQHandler
                0x00000000080005d4                I2C2_EV_IRQHandler
                0x00000000080005d4                DMA1_Stream2_IRQHandler
                0x00000000080005d4                CAN1_RX0_IRQHandler
                0x00000000080005d4                FPU_IRQHandler
                0x00000000080005d4                OTG_HS_WKUP_IRQHandler
                0x00000000080005d4                CAN2_SCE_IRQHandler
                0x00000000080005d4                DMA2_Stream2_IRQHandler
                0x00000000080005d4                SPI1_IRQHandler
                0x00000000080005d4                TIM6_DAC_IRQHandler
                0x00000000080005d4                TIM1_BRK_TIM9_IRQHandler
                0x00000000080005d4                CAN2_RX0_IRQHandler
                0x00000000080005d4                DMA2_Stream3_IRQHandler
                0x00000000080005d4                USART6_IRQHandler
                0x00000000080005d4                USART3_IRQHandler
                0x00000000080005d4                CAN1_RX1_IRQHandler
                0x00000000080005d4                UART5_IRQHandler
                0x00000000080005d4                DMA2_Stream0_IRQHandler
                0x00000000080005d4                TIM4_IRQHandler
                0x00000000080005d4                I2C1_EV_IRQHandler
                0x00000000080005d4                DMA1_Stream1_IRQHandler
                0x00000000080005d4                UART4_IRQHandler
                0x00000000080005d4                TIM3_IRQHandler
                0x00000000080005d4                RCC_IRQHandler
                0x00000000080005d4                TIM8_BRK_TIM12_IRQHandler
                0x00000000080005d4                Default_Handler
                0x00000000080005d4                EXTI15_10_IRQHandler
                0x00000000080005d4                ADC_IRQHandler
                0x00000000080005d4                DMA1_Stream7_IRQHandler
                0x00000000080005d4                TIM7_IRQHandler
                0x00000000080005d4                CAN2_TX_IRQHandler
                0x00000000080005d4                TIM5_IRQHandler
                0x00000000080005d4                DMA2_Stream7_IRQHandler
                0x00000000080005d4                I2C3_EV_IRQHandler
                0x00000000080005d4                EXTI9_5_IRQHandler
                0x00000000080005d4                RTC_WKUP_IRQHandler
                0x00000000080005d4                ETH_WKUP_IRQHandler
                0x00000000080005d4                SPI2_IRQHandler
                0x00000000080005d4                OTG_HS_EP1_IN_IRQHandler
                0x00000000080005d4                DMA1_Stream0_IRQHandler
                0x00000000080005d4                CAN1_TX_IRQHandler
                0x00000000080005d4                EXTI4_IRQHandler
                0x00000000080005d4                FSMC_IRQHandler
                0x00000000080005d4                ETH_IRQHandler
                0x00000000080005d4                OTG_HS_EP1_OUT_IRQHandler
                0x00000000080005d4                WWDG_IRQHandler
                0x00000000080005d4                TIM2_IRQHandler
                0x00000000080005d4                OTG_FS_WKUP_IRQHandler
                0x00000000080005d4                TIM1_TRG_COM_TIM11_IRQHandler
                0x00000000080005d4                OTG_HS_IRQHandler
                0x00000000080005d4                EXTI1_IRQHandler
                0x00000000080005d4                I2C2_ER_IRQHandler
                0x00000000080005d4                CAN1_SCE_IRQHandler
                0x00000000080005d4                FLASH_IRQHandler
                0x00000000080005d4                DMA2_Stream4_IRQHandler
                0x00000000080005d4                USART1_IRQHandler
                0x00000000080005d4                OTG_FS_IRQHandler
                0x00000000080005d4                SPI3_IRQHandler
                0x00000000080005d4                DMA1_Stream4_IRQHandler
                0x00000000080005d4                I2C1_ER_IRQHandler
                0x00000000080005d4                DMA2_Stream6_IRQHandler
                0x00000000080005d4                DMA1_Stream3_IRQHandler
 *fill*         0x00000000080005d6        0x2 
 .text.vprint   0x00000000080005d8       0x48 ./Application/User/main.o
                0x00000000080005d8                vprint
 .text.my_printf
                0x0000000008000620       0x24 ./Application/User/main.o
                0x0000000008000620                my_printf
 .text.main     0x0000000008000644       0xc8 ./Application/User/main.o
                0x0000000008000644                main
 .text.SystemClock_Config
                0x000000000800070c       0xf8 ./Application/User/main.o
                0x000000000800070c                SystemClock_Config
 .text.PeriphCommonClock_Config
                0x0000000008000804       0x38 ./Application/User/main.o
                0x0000000008000804                PeriphCommonClock_Config
 .text.MX_DCMI_Init
                0x000000000800083c       0x50 ./Application/User/main.o
 .text.MX_I2C1_Init
                0x000000000800088c       0x5c ./Application/User/main.o
 .text.MX_USART2_UART_Init
                0x00000000080008e8       0x54 ./Application/User/main.o
 .text.MX_DMA_Init
                0x000000000800093c       0x6c ./Application/User/main.o
 .text.MX_GPIO_Init
                0x00000000080009a8      0x14c ./Application/User/main.o
 .text.Error_Handler
                0x0000000008000af4        0xa ./Application/User/main.o
                0x0000000008000af4                Error_Handler
 *fill*         0x0000000008000afe        0x2 
 .text.HAL_MspInit
                0x0000000008000b00       0x50 ./Application/User/stm32f4xx_hal_msp.o
                0x0000000008000b00                HAL_MspInit
 .text.HAL_DCMI_MspInit
                0x0000000008000b50      0x1cc ./Application/User/stm32f4xx_hal_msp.o
                0x0000000008000b50                HAL_DCMI_MspInit
 .text.HAL_I2C_MspInit
                0x0000000008000d1c       0x90 ./Application/User/stm32f4xx_hal_msp.o
                0x0000000008000d1c                HAL_I2C_MspInit
 .text.HAL_UART_MspInit
                0x0000000008000dac      0x118 ./Application/User/stm32f4xx_hal_msp.o
                0x0000000008000dac                HAL_UART_MspInit
 .text.NMI_Handler
                0x0000000008000ec4        0x6 ./Application/User/stm32f4xx_it.o
                0x0000000008000ec4                NMI_Handler
 .text.HardFault_Handler
                0x0000000008000eca        0x6 ./Application/User/stm32f4xx_it.o
                0x0000000008000eca                HardFault_Handler
 .text.MemManage_Handler
                0x0000000008000ed0        0x6 ./Application/User/stm32f4xx_it.o
                0x0000000008000ed0                MemManage_Handler
 .text.BusFault_Handler
                0x0000000008000ed6        0x6 ./Application/User/stm32f4xx_it.o
                0x0000000008000ed6                BusFault_Handler
 .text.UsageFault_Handler
                0x0000000008000edc        0x6 ./Application/User/stm32f4xx_it.o
                0x0000000008000edc                UsageFault_Handler
 .text.SVC_Handler
                0x0000000008000ee2        0xe ./Application/User/stm32f4xx_it.o
                0x0000000008000ee2                SVC_Handler
 .text.DebugMon_Handler
                0x0000000008000ef0        0xe ./Application/User/stm32f4xx_it.o
                0x0000000008000ef0                DebugMon_Handler
 .text.PendSV_Handler
                0x0000000008000efe        0xe ./Application/User/stm32f4xx_it.o
                0x0000000008000efe                PendSV_Handler
 .text.SysTick_Handler
                0x0000000008000f0c        0xc ./Application/User/stm32f4xx_it.o
                0x0000000008000f0c                SysTick_Handler
 .text.DMA1_Stream6_IRQHandler
                0x0000000008000f18       0x14 ./Application/User/stm32f4xx_it.o
                0x0000000008000f18                DMA1_Stream6_IRQHandler
 .text.USART2_IRQHandler
                0x0000000008000f2c       0x14 ./Application/User/stm32f4xx_it.o
                0x0000000008000f2c                USART2_IRQHandler
 .text.DMA2_Stream1_IRQHandler
                0x0000000008000f40       0x14 ./Application/User/stm32f4xx_it.o
                0x0000000008000f40                DMA2_Stream1_IRQHandler
 .text.DCMI_IRQHandler
                0x0000000008000f54       0x14 ./Application/User/stm32f4xx_it.o
                0x0000000008000f54                DCMI_IRQHandler
 .text._read    0x0000000008000f68       0x3a ./Application/User/syscalls.o
                0x0000000008000f68                _read
 .text._write   0x0000000008000fa2       0x38 ./Application/User/syscalls.o
                0x0000000008000fa2                _write
 .text._close   0x0000000008000fda       0x18 ./Application/User/syscalls.o
                0x0000000008000fda                _close
 .text._fstat   0x0000000008000ff2       0x20 ./Application/User/syscalls.o
                0x0000000008000ff2                _fstat
 .text._isatty  0x0000000008001012       0x16 ./Application/User/syscalls.o
                0x0000000008001012                _isatty
 .text._lseek   0x0000000008001028       0x1a ./Application/User/syscalls.o
                0x0000000008001028                _lseek
 *fill*         0x0000000008001042        0x2 
 .text._sbrk    0x0000000008001044       0x6c ./Application/User/sysmem.o
                0x0000000008001044                _sbrk
 .text.SystemInit
                0x00000000080010b0       0x24 ./Drivers/CMSIS/system_stm32f4xx.o
                0x00000000080010b0                SystemInit
 .text.HAL_Init
                0x00000000080010d4       0x44 ./Drivers/STM32F4xx_HAL_Driver/stm32f4xx_hal.o
                0x00000000080010d4                HAL_Init
 .text.HAL_InitTick
                0x0000000008001118       0x60 ./Drivers/STM32F4xx_HAL_Driver/stm32f4xx_hal.o
                0x0000000008001118                HAL_InitTick
 .text.HAL_IncTick
                0x0000000008001178       0x28 ./Drivers/STM32F4xx_HAL_Driver/stm32f4xx_hal.o
                0x0000000008001178                HAL_IncTick
 .text.HAL_GetTick
                0x00000000080011a0       0x18 ./Drivers/STM32F4xx_HAL_Driver/stm32f4xx_hal.o
                0x00000000080011a0                HAL_GetTick
 .text.HAL_Delay
                0x00000000080011b8       0x48 ./Drivers/STM32F4xx_HAL_Driver/stm32f4xx_hal.o
                0x00000000080011b8                HAL_Delay
 .text.__NVIC_SetPriorityGrouping
                0x0000000008001200       0x48 ./Drivers/STM32F4xx_HAL_Driver/stm32f4xx_hal_cortex.o
 .text.__NVIC_GetPriorityGrouping
                0x0000000008001248       0x1c ./Drivers/STM32F4xx_HAL_Driver/stm32f4xx_hal_cortex.o
 .text.__NVIC_EnableIRQ
                0x0000000008001264       0x3c ./Drivers/STM32F4xx_HAL_Driver/stm32f4xx_hal_cortex.o
 .text.__NVIC_SetPriority
                0x00000000080012a0       0x54 ./Drivers/STM32F4xx_HAL_Driver/stm32f4xx_hal_cortex.o
 .text.NVIC_EncodePriority
                0x00000000080012f4       0x66 ./Drivers/STM32F4xx_HAL_Driver/stm32f4xx_hal_cortex.o
 *fill*         0x000000000800135a        0x2 
 .text.SysTick_Config
                0x000000000800135c       0x44 ./Drivers/STM32F4xx_HAL_Driver/stm32f4xx_hal_cortex.o
 .text.HAL_NVIC_SetPriorityGrouping
                0x00000000080013a0       0x16 ./Drivers/STM32F4xx_HAL_Driver/stm32f4xx_hal_cortex.o
                0x00000000080013a0                HAL_NVIC_SetPriorityGrouping
 .text.HAL_NVIC_SetPriority
                0x00000000080013b6       0x38 ./Drivers/STM32F4xx_HAL_Driver/stm32f4xx_hal_cortex.o
                0x00000000080013b6                HAL_NVIC_SetPriority
 .text.HAL_NVIC_EnableIRQ
                0x00000000080013ee       0x1c ./Drivers/STM32F4xx_HAL_Driver/stm32f4xx_hal_cortex.o
                0x00000000080013ee                HAL_NVIC_EnableIRQ
 .text.HAL_SYSTICK_Config
                0x000000000800140a       0x18 ./Drivers/STM32F4xx_HAL_Driver/stm32f4xx_hal_cortex.o
                0x000000000800140a                HAL_SYSTICK_Config
 *fill*         0x0000000008001422        0x2 
 .text.HAL_DCMI_Start_DMA
                0x0000000008001424      0x140 ./Drivers/STM32F4xx_HAL_Driver/stm32f4xx_hal_dcmi.o
                0x0000000008001424                HAL_DCMI_Start_DMA
 .text.HAL_DCMI_Stop
                0x0000000008001564       0xb8 ./Drivers/STM32F4xx_HAL_Driver/stm32f4xx_hal_dcmi.o
                0x0000000008001564                HAL_DCMI_Stop
 .text.HAL_DCMI_IRQHandler
                0x000000000800161c       0xfc ./Drivers/STM32F4xx_HAL_Driver/stm32f4xx_hal_dcmi.o
                0x000000000800161c                HAL_DCMI_IRQHandler
 .text.HAL_DCMI_ErrorCallback
                0x0000000008001718       0x14 ./Drivers/STM32F4xx_HAL_Driver/stm32f4xx_hal_dcmi.o
                0x0000000008001718                HAL_DCMI_ErrorCallback
 .text.HAL_DCMI_LineEventCallback
                0x000000000800172c       0x14 ./Drivers/STM32F4xx_HAL_Driver/stm32f4xx_hal_dcmi.o
                0x000000000800172c                HAL_DCMI_LineEventCallback
 .text.HAL_DCMI_VsyncEventCallback
                0x0000000008001740       0x14 ./Drivers/STM32F4xx_HAL_Driver/stm32f4xx_hal_dcmi.o
                0x0000000008001740                HAL_DCMI_VsyncEventCallback
 .text.HAL_DCMI_GetState
                0x0000000008001754       0x1c ./Drivers/STM32F4xx_HAL_Driver/stm32f4xx_hal_dcmi.o
                0x0000000008001754                HAL_DCMI_GetState
 .text.DCMI_DMAXferCplt
                0x0000000008001770      0x12a ./Drivers/STM32F4xx_HAL_Driver/stm32f4xx_hal_dcmi.o
 .text.DCMI_DMAError
                0x000000000800189a       0x2e ./Drivers/STM32F4xx_HAL_Driver/stm32f4xx_hal_dcmi.o
 .text.HAL_DCMI_Init
                0x00000000080018c8       0xda ./Drivers/STM32F4xx_HAL_Driver/stm32f4xx_hal_dcmi_ex.o
                0x00000000080018c8                HAL_DCMI_Init
 *fill*         0x00000000080019a2        0x2 
 .text.HAL_DMA_Init
                0x00000000080019a4      0x15c ./Drivers/STM32F4xx_HAL_Driver/stm32f4xx_hal_dma.o
                0x00000000080019a4                HAL_DMA_Init
 .text.HAL_DMA_Start_IT
                0x0000000008001b00       0xb0 ./Drivers/STM32F4xx_HAL_Driver/stm32f4xx_hal_dma.o
                0x0000000008001b00                HAL_DMA_Start_IT
 .text.HAL_DMA_Abort
                0x0000000008001bb0       0xe0 ./Drivers/STM32F4xx_HAL_Driver/stm32f4xx_hal_dma.o
                0x0000000008001bb0                HAL_DMA_Abort
 .text.HAL_DMA_Abort_IT
                0x0000000008001c90       0x44 ./Drivers/STM32F4xx_HAL_Driver/stm32f4xx_hal_dma.o
                0x0000000008001c90                HAL_DMA_Abort_IT
 .text.HAL_DMA_IRQHandler
                0x0000000008001cd4      0x314 ./Drivers/STM32F4xx_HAL_Driver/stm32f4xx_hal_dma.o
                0x0000000008001cd4                HAL_DMA_IRQHandler
 .text.DMA_SetConfig
                0x0000000008001fe8       0x5c ./Drivers/STM32F4xx_HAL_Driver/stm32f4xx_hal_dma.o
 .text.DMA_CalcBaseAndBitshift
                0x0000000008002044       0x6c ./Drivers/STM32F4xx_HAL_Driver/stm32f4xx_hal_dma.o
 .text.DMA_CheckFifoParam
                0x00000000080020b0       0xf8 ./Drivers/STM32F4xx_HAL_Driver/stm32f4xx_hal_dma.o
 .text.HAL_DMAEx_MultiBufferStart_IT
                0x00000000080021a8     0x1290 ./Drivers/STM32F4xx_HAL_Driver/stm32f4xx_hal_dma_ex.o
                0x00000000080021a8                HAL_DMAEx_MultiBufferStart_IT
 .text.HAL_DMAEx_ChangeMemory
                0x0000000008003438       0x34 ./Drivers/STM32F4xx_HAL_Driver/stm32f4xx_hal_dma_ex.o
                0x0000000008003438                HAL_DMAEx_ChangeMemory
 .text.DMA_MultiBufferSetConfig
                0x000000000800346c       0x4c ./Drivers/STM32F4xx_HAL_Driver/stm32f4xx_hal_dma_ex.o
 .text.HAL_GPIO_Init
                0x00000000080034b8      0x338 ./Drivers/STM32F4xx_HAL_Driver/stm32f4xx_hal_gpio.o
                0x00000000080034b8                HAL_GPIO_Init
 .text.HAL_GPIO_ReadPin
                0x00000000080037f0       0x30 ./Drivers/STM32F4xx_HAL_Driver/stm32f4xx_hal_gpio.o
                0x00000000080037f0                HAL_GPIO_ReadPin
 .text.HAL_GPIO_WritePin
                0x0000000008003820       0x32 ./Drivers/STM32F4xx_HAL_Driver/stm32f4xx_hal_gpio.o
                0x0000000008003820                HAL_GPIO_WritePin
 *fill*         0x0000000008003852        0x2 
 .text.HAL_I2C_Init
                0x0000000008003854      0x288 ./Drivers/STM32F4xx_HAL_Driver/stm32f4xx_hal_i2c.o
                0x0000000008003854                HAL_I2C_Init
 .text.HAL_I2C_Master_Transmit
                0x0000000008003adc      0x1fc ./Drivers/STM32F4xx_HAL_Driver/stm32f4xx_hal_i2c.o
                0x0000000008003adc                HAL_I2C_Master_Transmit
 .text.HAL_I2C_Master_Receive
                0x0000000008003cd8      0x44c ./Drivers/STM32F4xx_HAL_Driver/stm32f4xx_hal_i2c.o
                0x0000000008003cd8                HAL_I2C_Master_Receive
 .text.I2C_MasterRequestWrite
                0x0000000008004124      0x104 ./Drivers/STM32F4xx_HAL_Driver/stm32f4xx_hal_i2c.o
 .text.I2C_MasterRequestRead
                0x0000000008004228      0x19c ./Drivers/STM32F4xx_HAL_Driver/stm32f4xx_hal_i2c.o
 .text.I2C_WaitOnFlagUntilTimeout
                0x00000000080043c4       0xae ./Drivers/STM32F4xx_HAL_Driver/stm32f4xx_hal_i2c.o
 .text.I2C_WaitOnMasterAddressFlagUntilTimeout
                0x0000000008004472       0xfe ./Drivers/STM32F4xx_HAL_Driver/stm32f4xx_hal_i2c.o
 .text.I2C_WaitOnTXEFlagUntilTimeout
                0x0000000008004570       0x82 ./Drivers/STM32F4xx_HAL_Driver/stm32f4xx_hal_i2c.o
 .text.I2C_WaitOnBTFFlagUntilTimeout
                0x00000000080045f2       0x82 ./Drivers/STM32F4xx_HAL_Driver/stm32f4xx_hal_i2c.o
 .text.I2C_WaitOnRXNEFlagUntilTimeout
                0x0000000008004674       0xac ./Drivers/STM32F4xx_HAL_Driver/stm32f4xx_hal_i2c.o
 .text.I2C_IsAcknowledgeFailed
                0x0000000008004720       0x5e ./Drivers/STM32F4xx_HAL_Driver/stm32f4xx_hal_i2c.o
 *fill*         0x000000000800477e        0x2 
 .text.HAL_RCC_OscConfig
                0x0000000008004780      0x4f0 ./Drivers/STM32F4xx_HAL_Driver/stm32f4xx_hal_rcc.o
                0x0000000008004780                HAL_RCC_OscConfig
 .text.HAL_RCC_ClockConfig
                0x0000000008004c70      0x1cc ./Drivers/STM32F4xx_HAL_Driver/stm32f4xx_hal_rcc.o
                0x0000000008004c70                HAL_RCC_ClockConfig
 .text.HAL_RCC_MCOConfig
                0x0000000008004e3c       0xd0 ./Drivers/STM32F4xx_HAL_Driver/stm32f4xx_hal_rcc.o
                0x0000000008004e3c                HAL_RCC_MCOConfig
 .text.HAL_RCC_GetSysClockFreq
                0x0000000008004f0c      0x18c ./Drivers/STM32F4xx_HAL_Driver/stm32f4xx_hal_rcc.o
                0x0000000008004f0c                HAL_RCC_GetSysClockFreq
 .text.HAL_RCC_GetHCLKFreq
                0x0000000008005098       0x18 ./Drivers/STM32F4xx_HAL_Driver/stm32f4xx_hal_rcc.o
                0x0000000008005098                HAL_RCC_GetHCLKFreq
 .text.HAL_RCC_GetPCLK1Freq
                0x00000000080050b0       0x28 ./Drivers/STM32F4xx_HAL_Driver/stm32f4xx_hal_rcc.o
                0x00000000080050b0                HAL_RCC_GetPCLK1Freq
 .text.HAL_RCC_GetPCLK2Freq
                0x00000000080050d8       0x28 ./Drivers/STM32F4xx_HAL_Driver/stm32f4xx_hal_rcc.o
                0x00000000080050d8                HAL_RCC_GetPCLK2Freq
 .text.HAL_RCCEx_PeriphCLKConfig
                0x0000000008005100      0x1c4 ./Drivers/STM32F4xx_HAL_Driver/stm32f4xx_hal_rcc_ex.o
                0x0000000008005100                HAL_RCCEx_PeriphCLKConfig
 .text.HAL_UART_Init
                0x00000000080052c4       0x9a ./Drivers/STM32F4xx_HAL_Driver/stm32f4xx_hal_uart.o
                0x00000000080052c4                HAL_UART_Init
 .text.HAL_UART_Transmit
                0x000000000800535e      0x124 ./Drivers/STM32F4xx_HAL_Driver/stm32f4xx_hal_uart.o
                0x000000000800535e                HAL_UART_Transmit
 *fill*         0x0000000008005482        0x2 
 .text.HAL_UART_Transmit_DMA
                0x0000000008005484       0xfc ./Drivers/STM32F4xx_HAL_Driver/stm32f4xx_hal_uart.o
                0x0000000008005484                HAL_UART_Transmit_DMA
 .text.HAL_UART_IRQHandler
                0x0000000008005580      0x51c ./Drivers/STM32F4xx_HAL_Driver/stm32f4xx_hal_uart.o
                0x0000000008005580                HAL_UART_IRQHandler
 .text.HAL_UART_TxCpltCallback
                0x0000000008005a9c       0x14 ./Drivers/STM32F4xx_HAL_Driver/stm32f4xx_hal_uart.o
                0x0000000008005a9c                HAL_UART_TxCpltCallback
 .text.HAL_UART_TxHalfCpltCallback
                0x0000000008005ab0       0x14 ./Drivers/STM32F4xx_HAL_Driver/stm32f4xx_hal_uart.o
                0x0000000008005ab0                HAL_UART_TxHalfCpltCallback
 .text.HAL_UART_RxCpltCallback
                0x0000000008005ac4       0x14 ./Drivers/STM32F4xx_HAL_Driver/stm32f4xx_hal_uart.o
                0x0000000008005ac4                HAL_UART_RxCpltCallback
 .text.HAL_UART_ErrorCallback
                0x0000000008005ad8       0x14 ./Drivers/STM32F4xx_HAL_Driver/stm32f4xx_hal_uart.o
                0x0000000008005ad8                HAL_UART_ErrorCallback
 .text.HAL_UARTEx_RxEventCallback
                0x0000000008005aec       0x18 ./Drivers/STM32F4xx_HAL_Driver/stm32f4xx_hal_uart.o
                0x0000000008005aec                HAL_UARTEx_RxEventCallback
 .text.UART_DMATransmitCplt
                0x0000000008005b04       0x9a ./Drivers/STM32F4xx_HAL_Driver/stm32f4xx_hal_uart.o
 .text.UART_DMATxHalfCplt
                0x0000000008005b9e       0x1c ./Drivers/STM32F4xx_HAL_Driver/stm32f4xx_hal_uart.o
 .text.UART_DMAError
                0x0000000008005bba       0x94 ./Drivers/STM32F4xx_HAL_Driver/stm32f4xx_hal_uart.o
 .text.UART_WaitOnFlagUntilTimeout
                0x0000000008005c4e       0xdc ./Drivers/STM32F4xx_HAL_Driver/stm32f4xx_hal_uart.o
 .text.UART_EndTxTransfer
                0x0000000008005d2a       0x50 ./Drivers/STM32F4xx_HAL_Driver/stm32f4xx_hal_uart.o
 .text.UART_EndRxTransfer
                0x0000000008005d7a       0xc6 ./Drivers/STM32F4xx_HAL_Driver/stm32f4xx_hal_uart.o
 .text.UART_DMAAbortOnError
                0x0000000008005e40       0x28 ./Drivers/STM32F4xx_HAL_Driver/stm32f4xx_hal_uart.o
 .text.UART_Transmit_IT
                0x0000000008005e68       0xa0 ./Drivers/STM32F4xx_HAL_Driver/stm32f4xx_hal_uart.o
 .text.UART_EndTransmit_IT
                0x0000000008005f08       0x30 ./Drivers/STM32F4xx_HAL_Driver/stm32f4xx_hal_uart.o
 .text.UART_Receive_IT
                0x0000000008005f38      0x176 ./Drivers/STM32F4xx_HAL_Driver/stm32f4xx_hal_uart.o
 *fill*         0x00000000080060ae        0x2 
 .text.UART_SetConfig
                0x00000000080060b0      0x4e8 ./Drivers/STM32F4xx_HAL_Driver/stm32f4xx_hal_uart.o
 .text.OV7670_Init
                0x0000000008006598       0x78 ./ov7670.o
                0x0000000008006598                OV7670_Init
 .text.OV7670_ResolutionOptions
                0x0000000008006610       0x9c ./ov7670.o
                0x0000000008006610                OV7670_ResolutionOptions
 .text.OV7670_ResolutionConfiguration
                0x00000000080066ac       0xd0 ./ov7670.o
                0x00000000080066ac                OV7670_ResolutionConfiguration
 .text.OV7670_Configuration
                0x000000000800677c       0x9c ./ov7670.o
                0x000000000800677c                OV7670_Configuration
 .text.OV7670_StopDCMI
                0x0000000008006818       0x28 ./ov7670.o
                0x0000000008006818                OV7670_StopDCMI
 .text.OV7670_CaptureSnapshot
                0x0000000008006840       0x44 ./ov7670.o
                0x0000000008006840                OV7670_CaptureSnapshot
 .text.SCCB_Write
                0x0000000008006884       0x60 ./ov7670.o
                0x0000000008006884                SCCB_Write
 .text.SCCB_Read
                0x00000000080068e4       0x70 ./ov7670.o
                0x00000000080068e4                SCCB_Read
 .text.HAL_DCMI_FrameEventCallback
                0x0000000008006954       0x24 ./ov7670.o
                0x0000000008006954                HAL_DCMI_FrameEventCallback
 .text.__errno  0x0000000008006978        0xc c:/st/stm32cubeide_1.8.0/stm32cubeide/plugins/com.st.stm32cube.ide.mcu.externaltools.gnu-tools-for-stm32.10.3-2021.10.win32_1.0.0.202111181127/tools/bin/../lib/gcc/arm-none-eabi/10.3.1/../../../../arm-none-eabi/lib/thumb/v7e-m+fp/hard\libc_nano.a(lib_a-errno.o)
                0x0000000008006978                __errno
 .text.__libc_init_array
                0x0000000008006984       0x48 c:/st/stm32cubeide_1.8.0/stm32cubeide/plugins/com.st.stm32cube.ide.mcu.externaltools.gnu-tools-for-stm32.10.3-2021.10.win32_1.0.0.202111181127/tools/bin/../lib/gcc/arm-none-eabi/10.3.1/../../../../arm-none-eabi/lib/thumb/v7e-m+fp/hard\libc_nano.a(lib_a-init.o)
                0x0000000008006984                __libc_init_array
 .text.__retarget_lock_init_recursive
                0x00000000080069cc        0x2 c:/st/stm32cubeide_1.8.0/stm32cubeide/plugins/com.st.stm32cube.ide.mcu.externaltools.gnu-tools-for-stm32.10.3-2021.10.win32_1.0.0.202111181127/tools/bin/../lib/gcc/arm-none-eabi/10.3.1/../../../../arm-none-eabi/lib/thumb/v7e-m+fp/hard\libc_nano.a(lib_a-lock.o)
                0x00000000080069cc                __retarget_lock_init_recursive
 .text.__retarget_lock_acquire_recursive
                0x00000000080069ce        0x2 c:/st/stm32cubeide_1.8.0/stm32cubeide/plugins/com.st.stm32cube.ide.mcu.externaltools.gnu-tools-for-stm32.10.3-2021.10.win32_1.0.0.202111181127/tools/bin/../lib/gcc/arm-none-eabi/10.3.1/../../../../arm-none-eabi/lib/thumb/v7e-m+fp/hard\libc_nano.a(lib_a-lock.o)
                0x00000000080069ce                __retarget_lock_acquire_recursive
 .text.__retarget_lock_release_recursive
                0x00000000080069d0        0x2 c:/st/stm32cubeide_1.8.0/stm32cubeide/plugins/com.st.stm32cube.ide.mcu.externaltools.gnu-tools-for-stm32.10.3-2021.10.win32_1.0.0.202111181127/tools/bin/../lib/gcc/arm-none-eabi/10.3.1/../../../../arm-none-eabi/lib/thumb/v7e-m+fp/hard\libc_nano.a(lib_a-lock.o)
                0x00000000080069d0                __retarget_lock_release_recursive
 .text.memcpy   0x00000000080069d2       0x1c c:/st/stm32cubeide_1.8.0/stm32cubeide/plugins/com.st.stm32cube.ide.mcu.externaltools.gnu-tools-for-stm32.10.3-2021.10.win32_1.0.0.202111181127/tools/bin/../lib/gcc/arm-none-eabi/10.3.1/../../../../arm-none-eabi/lib/thumb/v7e-m+fp/hard\libc_nano.a(lib_a-memcpy-stub.o)
                0x00000000080069d2                memcpy
 .text.memset   0x00000000080069ee       0x10 c:/st/stm32cubeide_1.8.0/stm32cubeide/plugins/com.st.stm32cube.ide.mcu.externaltools.gnu-tools-for-stm32.10.3-2021.10.win32_1.0.0.202111181127/tools/bin/../lib/gcc/arm-none-eabi/10.3.1/../../../../arm-none-eabi/lib/thumb/v7e-m+fp/hard\libc_nano.a(lib_a-memset.o)
                0x00000000080069ee                memset
 *fill*         0x00000000080069fe        0x2 
 .text._free_r  0x0000000008006a00       0x98 c:/st/stm32cubeide_1.8.0/stm32cubeide/plugins/com.st.stm32cube.ide.mcu.externaltools.gnu-tools-for-stm32.10.3-2021.10.win32_1.0.0.202111181127/tools/bin/../lib/gcc/arm-none-eabi/10.3.1/../../../../arm-none-eabi/lib/thumb/v7e-m+fp/hard\libc_nano.a(lib_a-nano-freer.o)
                0x0000000008006a00                _free_r
 .text.sbrk_aligned
                0x0000000008006a98       0x40 c:/st/stm32cubeide_1.8.0/stm32cubeide/plugins/com.st.stm32cube.ide.mcu.externaltools.gnu-tools-for-stm32.10.3-2021.10.win32_1.0.0.202111181127/tools/bin/../lib/gcc/arm-none-eabi/10.3.1/../../../../arm-none-eabi/lib/thumb/v7e-m+fp/hard\libc_nano.a(lib_a-nano-mallocr.o)
 .text._malloc_r
                0x0000000008006ad8       0xe8 c:/st/stm32cubeide_1.8.0/stm32cubeide/plugins/com.st.stm32cube.ide.mcu.externaltools.gnu-tools-for-stm32.10.3-2021.10.win32_1.0.0.202111181127/tools/bin/../lib/gcc/arm-none-eabi/10.3.1/../../../../arm-none-eabi/lib/thumb/v7e-m+fp/hard\libc_nano.a(lib_a-nano-mallocr.o)
                0x0000000008006ad8                _malloc_r
 .text.printf   0x0000000008006bc0       0x30 c:/st/stm32cubeide_1.8.0/stm32cubeide/plugins/com.st.stm32cube.ide.mcu.externaltools.gnu-tools-for-stm32.10.3-2021.10.win32_1.0.0.202111181127/tools/bin/../lib/gcc/arm-none-eabi/10.3.1/../../../../arm-none-eabi/lib/thumb/v7e-m+fp/hard\libc_nano.a(lib_a-printf.o)
                0x0000000008006bc0                iprintf
                0x0000000008006bc0                printf
 .text._sbrk_r  0x0000000008006bf0       0x20 c:/st/stm32cubeide_1.8.0/stm32cubeide/plugins/com.st.stm32cube.ide.mcu.externaltools.gnu-tools-for-stm32.10.3-2021.10.win32_1.0.0.202111181127/tools/bin/../lib/gcc/arm-none-eabi/10.3.1/../../../../arm-none-eabi/lib/thumb/v7e-m+fp/hard\libc_nano.a(lib_a-sbrkr.o)
                0x0000000008006bf0                _sbrk_r
 .text._vsprintf_r
                0x0000000008006c10       0x2c c:/st/stm32cubeide_1.8.0/stm32cubeide/plugins/com.st.stm32cube.ide.mcu.externaltools.gnu-tools-for-stm32.10.3-2021.10.win32_1.0.0.202111181127/tools/bin/../lib/gcc/arm-none-eabi/10.3.1/../../../../arm-none-eabi/lib/thumb/v7e-m+fp/hard\libc_nano.a(lib_a-vsprintf.o)
                0x0000000008006c10                _vsprintf_r
                0x0000000008006c10                _vsiprintf_r
 .text.vsprintf
                0x0000000008006c3c       0x14 c:/st/stm32cubeide_1.8.0/stm32cubeide/plugins/com.st.stm32cube.ide.mcu.externaltools.gnu-tools-for-stm32.10.3-2021.10.win32_1.0.0.202111181127/tools/bin/../lib/gcc/arm-none-eabi/10.3.1/../../../../arm-none-eabi/lib/thumb/v7e-m+fp/hard\libc_nano.a(lib_a-vsprintf.o)
                0x0000000008006c3c                vsiprintf
                0x0000000008006c3c                vsprintf
 .text.__swbuf_r
                0x0000000008006c50       0xa4 c:/st/stm32cubeide_1.8.0/stm32cubeide/plugins/com.st.stm32cube.ide.mcu.externaltools.gnu-tools-for-stm32.10.3-2021.10.win32_1.0.0.202111181127/tools/bin/../lib/gcc/arm-none-eabi/10.3.1/../../../../arm-none-eabi/lib/thumb/v7e-m+fp/hard\libc_nano.a(lib_a-wbuf.o)
                0x0000000008006c50                __swbuf_r
 .text.__swsetup_r
                0x0000000008006cf4       0xdc c:/st/stm32cubeide_1.8.0/stm32cubeide/plugins/com.st.stm32cube.ide.mcu.externaltools.gnu-tools-for-stm32.10.3-2021.10.win32_1.0.0.202111181127/tools/bin/../lib/gcc/arm-none-eabi/10.3.1/../../../../arm-none-eabi/lib/thumb/v7e-m+fp/hard\libc_nano.a(lib_a-wsetup.o)
                0x0000000008006cf4                __swsetup_r
 .text.__sflush_r
                0x0000000008006dd0      0x10c c:/st/stm32cubeide_1.8.0/stm32cubeide/plugins/com.st.stm32cube.ide.mcu.externaltools.gnu-tools-for-stm32.10.3-2021.10.win32_1.0.0.202111181127/tools/bin/../lib/gcc/arm-none-eabi/10.3.1/../../../../arm-none-eabi/lib/thumb/v7e-m+fp/hard\libc_nano.a(lib_a-fflush.o)
                0x0000000008006dd0                __sflush_r
 .text._fflush_r
                0x0000000008006edc       0x78 c:/st/stm32cubeide_1.8.0/stm32cubeide/plugins/com.st.stm32cube.ide.mcu.externaltools.gnu-tools-for-stm32.10.3-2021.10.win32_1.0.0.202111181127/tools/bin/../lib/gcc/arm-none-eabi/10.3.1/../../../../arm-none-eabi/lib/thumb/v7e-m+fp/hard\libc_nano.a(lib_a-fflush.o)
                0x0000000008006edc                _fflush_r
 .text.std      0x0000000008006f54       0x48 c:/st/stm32cubeide_1.8.0/stm32cubeide/plugins/com.st.stm32cube.ide.mcu.externaltools.gnu-tools-for-stm32.10.3-2021.10.win32_1.0.0.202111181127/tools/bin/../lib/gcc/arm-none-eabi/10.3.1/../../../../arm-none-eabi/lib/thumb/v7e-m+fp/hard\libc_nano.a(lib_a-findfp.o)
 .text._cleanup_r
                0x0000000008006f9c        0xc c:/st/stm32cubeide_1.8.0/stm32cubeide/plugins/com.st.stm32cube.ide.mcu.externaltools.gnu-tools-for-stm32.10.3-2021.10.win32_1.0.0.202111181127/tools/bin/../lib/gcc/arm-none-eabi/10.3.1/../../../../arm-none-eabi/lib/thumb/v7e-m+fp/hard\libc_nano.a(lib_a-findfp.o)
                0x0000000008006f9c                _cleanup_r
 .text.__sfmoreglue
                0x0000000008006fa8       0x2c c:/st/stm32cubeide_1.8.0/stm32cubeide/plugins/com.st.stm32cube.ide.mcu.externaltools.gnu-tools-for-stm32.10.3-2021.10.win32_1.0.0.202111181127/tools/bin/../lib/gcc/arm-none-eabi/10.3.1/../../../../arm-none-eabi/lib/thumb/v7e-m+fp/hard\libc_nano.a(lib_a-findfp.o)
                0x0000000008006fa8                __sfmoreglue
 .text.__sfp_lock_acquire
                0x0000000008006fd4        0xc c:/st/stm32cubeide_1.8.0/stm32cubeide/plugins/com.st.stm32cube.ide.mcu.externaltools.gnu-tools-for-stm32.10.3-2021.10.win32_1.0.0.202111181127/tools/bin/../lib/gcc/arm-none-eabi/10.3.1/../../../../arm-none-eabi/lib/thumb/v7e-m+fp/hard\libc_nano.a(lib_a-findfp.o)
                0x0000000008006fd4                __sfp_lock_acquire
 .text.__sfp_lock_release
                0x0000000008006fe0        0xc c:/st/stm32cubeide_1.8.0/stm32cubeide/plugins/com.st.stm32cube.ide.mcu.externaltools.gnu-tools-for-stm32.10.3-2021.10.win32_1.0.0.202111181127/tools/bin/../lib/gcc/arm-none-eabi/10.3.1/../../../../arm-none-eabi/lib/thumb/v7e-m+fp/hard\libc_nano.a(lib_a-findfp.o)
                0x0000000008006fe0                __sfp_lock_release
 .text.__sinit_lock_acquire
                0x0000000008006fec        0xc c:/st/stm32cubeide_1.8.0/stm32cubeide/plugins/com.st.stm32cube.ide.mcu.externaltools.gnu-tools-for-stm32.10.3-2021.10.win32_1.0.0.202111181127/tools/bin/../lib/gcc/arm-none-eabi/10.3.1/../../../../arm-none-eabi/lib/thumb/v7e-m+fp/hard\libc_nano.a(lib_a-findfp.o)
                0x0000000008006fec                __sinit_lock_acquire
 .text.__sinit_lock_release
                0x0000000008006ff8        0xc c:/st/stm32cubeide_1.8.0/stm32cubeide/plugins/com.st.stm32cube.ide.mcu.externaltools.gnu-tools-for-stm32.10.3-2021.10.win32_1.0.0.202111181127/tools/bin/../lib/gcc/arm-none-eabi/10.3.1/../../../../arm-none-eabi/lib/thumb/v7e-m+fp/hard\libc_nano.a(lib_a-findfp.o)
                0x0000000008006ff8                __sinit_lock_release
 .text.__sinit  0x0000000008007004       0x70 c:/st/stm32cubeide_1.8.0/stm32cubeide/plugins/com.st.stm32cube.ide.mcu.externaltools.gnu-tools-for-stm32.10.3-2021.10.win32_1.0.0.202111181127/tools/bin/../lib/gcc/arm-none-eabi/10.3.1/../../../../arm-none-eabi/lib/thumb/v7e-m+fp/hard\libc_nano.a(lib_a-findfp.o)
                0x0000000008007004                __sinit
 .text.__sfp    0x0000000008007074       0x8c c:/st/stm32cubeide_1.8.0/stm32cubeide/plugins/com.st.stm32cube.ide.mcu.externaltools.gnu-tools-for-stm32.10.3-2021.10.win32_1.0.0.202111181127/tools/bin/../lib/gcc/arm-none-eabi/10.3.1/../../../../arm-none-eabi/lib/thumb/v7e-m+fp/hard\libc_nano.a(lib_a-findfp.o)
                0x0000000008007074                __sfp
 .text._fwalk_reent
                0x0000000008007100       0x3e c:/st/stm32cubeide_1.8.0/stm32cubeide/plugins/com.st.stm32cube.ide.mcu.externaltools.gnu-tools-for-stm32.10.3-2021.10.win32_1.0.0.202111181127/tools/bin/../lib/gcc/arm-none-eabi/10.3.1/../../../../arm-none-eabi/lib/thumb/v7e-m+fp/hard\libc_nano.a(lib_a-fwalk.o)
                0x0000000008007100                _fwalk_reent
 .text.__swhatbuf_r
                0x000000000800713e       0x4a c:/st/stm32cubeide_1.8.0/stm32cubeide/plugins/com.st.stm32cube.ide.mcu.externaltools.gnu-tools-for-stm32.10.3-2021.10.win32_1.0.0.202111181127/tools/bin/../lib/gcc/arm-none-eabi/10.3.1/../../../../arm-none-eabi/lib/thumb/v7e-m+fp/hard\libc_nano.a(lib_a-makebuf.o)
                0x000000000800713e                __swhatbuf_r
 .text.__smakebuf_r
                0x0000000008007188       0x80 c:/st/stm32cubeide_1.8.0/stm32cubeide/plugins/com.st.stm32cube.ide.mcu.externaltools.gnu-tools-for-stm32.10.3-2021.10.win32_1.0.0.202111181127/tools/bin/../lib/gcc/arm-none-eabi/10.3.1/../../../../arm-none-eabi/lib/thumb/v7e-m+fp/hard\libc_nano.a(lib_a-makebuf.o)
                0x0000000008007188                __smakebuf_r
 .text.__malloc_lock
                0x0000000008007208        0xc c:/st/stm32cubeide_1.8.0/stm32cubeide/plugins/com.st.stm32cube.ide.mcu.externaltools.gnu-tools-for-stm32.10.3-2021.10.win32_1.0.0.202111181127/tools/bin/../lib/gcc/arm-none-eabi/10.3.1/../../../../arm-none-eabi/lib/thumb/v7e-m+fp/hard\libc_nano.a(lib_a-mlock.o)
                0x0000000008007208                __malloc_lock
 .text.__malloc_unlock
                0x0000000008007214        0xc c:/st/stm32cubeide_1.8.0/stm32cubeide/plugins/com.st.stm32cube.ide.mcu.externaltools.gnu-tools-for-stm32.10.3-2021.10.win32_1.0.0.202111181127/tools/bin/../lib/gcc/arm-none-eabi/10.3.1/../../../../arm-none-eabi/lib/thumb/v7e-m+fp/hard\libc_nano.a(lib_a-mlock.o)
                0x0000000008007214                __malloc_unlock
 .text.__ssputs_r
                0x0000000008007220       0xb6 c:/st/stm32cubeide_1.8.0/stm32cubeide/plugins/com.st.stm32cube.ide.mcu.externaltools.gnu-tools-for-stm32.10.3-2021.10.win32_1.0.0.202111181127/tools/bin/../lib/gcc/arm-none-eabi/10.3.1/../../../../arm-none-eabi/lib/thumb/v7e-m+fp/hard\libc_nano.a(lib_a-nano-svfprintf.o)
                0x0000000008007220                __ssputs_r
 *fill*         0x00000000080072d6        0x2 
 .text._svfprintf_r
                0x00000000080072d8      0x200 c:/st/stm32cubeide_1.8.0/stm32cubeide/plugins/com.st.stm32cube.ide.mcu.externaltools.gnu-tools-for-stm32.10.3-2021.10.win32_1.0.0.202111181127/tools/bin/../lib/gcc/arm-none-eabi/10.3.1/../../../../arm-none-eabi/lib/thumb/v7e-m+fp/hard\libc_nano.a(lib_a-nano-svfprintf.o)
                0x00000000080072d8                _svfiprintf_r
                0x00000000080072d8                _svfprintf_r
 .text.__sfputc_r
                0x00000000080074d8       0x2e c:/st/stm32cubeide_1.8.0/stm32cubeide/plugins/com.st.stm32cube.ide.mcu.externaltools.gnu-tools-for-stm32.10.3-2021.10.win32_1.0.0.202111181127/tools/bin/../lib/gcc/arm-none-eabi/10.3.1/../../../../arm-none-eabi/lib/thumb/v7e-m+fp/hard\libc_nano.a(lib_a-nano-vfprintf.o)
 .text.__sfputs_r
                0x0000000008007506       0x24 c:/st/stm32cubeide_1.8.0/stm32cubeide/plugins/com.st.stm32cube.ide.mcu.externaltools.gnu-tools-for-stm32.10.3-2021.10.win32_1.0.0.202111181127/tools/bin/../lib/gcc/arm-none-eabi/10.3.1/../../../../arm-none-eabi/lib/thumb/v7e-m+fp/hard\libc_nano.a(lib_a-nano-vfprintf.o)
                0x0000000008007506                __sfputs_r
 *fill*         0x000000000800752a        0x2 
 .text._vfprintf_r
                0x000000000800752c      0x260 c:/st/stm32cubeide_1.8.0/stm32cubeide/plugins/com.st.stm32cube.ide.mcu.externaltools.gnu-tools-for-stm32.10.3-2021.10.win32_1.0.0.202111181127/tools/bin/../lib/gcc/arm-none-eabi/10.3.1/../../../../arm-none-eabi/lib/thumb/v7e-m+fp/hard\libc_nano.a(lib_a-nano-vfprintf.o)
                0x000000000800752c                _vfprintf_r
                0x000000000800752c                _vfiprintf_r
 .text._printf_common
                0x000000000800778c       0xda c:/st/stm32cubeide_1.8.0/stm32cubeide/plugins/com.st.stm32cube.ide.mcu.externaltools.gnu-tools-for-stm32.10.3-2021.10.win32_1.0.0.202111181127/tools/bin/../lib/gcc/arm-none-eabi/10.3.1/../../../../arm-none-eabi/lib/thumb/v7e-m+fp/hard\libc_nano.a(lib_a-nano-vfprintf_i.o)
                0x000000000800778c                _printf_common
 *fill*         0x0000000008007866        0x2 
 .text._printf_i
                0x0000000008007868      0x24c c:/st/stm32cubeide_1.8.0/stm32cubeide/plugins/com.st.stm32cube.ide.mcu.externaltools.gnu-tools-for-stm32.10.3-2021.10.win32_1.0.0.202111181127/tools/bin/../lib/gcc/arm-none-eabi/10.3.1/../../../../arm-none-eabi/lib/thumb/v7e-m+fp/hard\libc_nano.a(lib_a-nano-vfprintf_i.o)
                0x0000000008007868                _printf_i
 .text.__sread  0x0000000008007ab4       0x22 c:/st/stm32cubeide_1.8.0/stm32cubeide/plugins/com.st.stm32cube.ide.mcu.externaltools.gnu-tools-for-stm32.10.3-2021.10.win32_1.0.0.202111181127/tools/bin/../lib/gcc/arm-none-eabi/10.3.1/../../../../arm-none-eabi/lib/thumb/v7e-m+fp/hard\libc_nano.a(lib_a-stdio.o)
                0x0000000008007ab4                __sread
 .text.__swrite
                0x0000000008007ad6       0x38 c:/st/stm32cubeide_1.8.0/stm32cubeide/plugins/com.st.stm32cube.ide.mcu.externaltools.gnu-tools-for-stm32.10.3-2021.10.win32_1.0.0.202111181127/tools/bin/../lib/gcc/arm-none-eabi/10.3.1/../../../../arm-none-eabi/lib/thumb/v7e-m+fp/hard\libc_nano.a(lib_a-stdio.o)
                0x0000000008007ad6                __swrite
 .text.__sseek  0x0000000008007b0e       0x24 c:/st/stm32cubeide_1.8.0/stm32cubeide/plugins/com.st.stm32cube.ide.mcu.externaltools.gnu-tools-for-stm32.10.3-2021.10.win32_1.0.0.202111181127/tools/bin/../lib/gcc/arm-none-eabi/10.3.1/../../../../arm-none-eabi/lib/thumb/v7e-m+fp/hard\libc_nano.a(lib_a-stdio.o)
                0x0000000008007b0e                __sseek
 .text.__sclose
                0x0000000008007b32        0x8 c:/st/stm32cubeide_1.8.0/stm32cubeide/plugins/com.st.stm32cube.ide.mcu.externaltools.gnu-tools-for-stm32.10.3-2021.10.win32_1.0.0.202111181127/tools/bin/../lib/gcc/arm-none-eabi/10.3.1/../../../../arm-none-eabi/lib/thumb/v7e-m+fp/hard\libc_nano.a(lib_a-stdio.o)
                0x0000000008007b32                __sclose
 *fill*         0x0000000008007b3a        0x2 
 .text._write_r
                0x0000000008007b3c       0x24 c:/st/stm32cubeide_1.8.0/stm32cubeide/plugins/com.st.stm32cube.ide.mcu.externaltools.gnu-tools-for-stm32.10.3-2021.10.win32_1.0.0.202111181127/tools/bin/../lib/gcc/arm-none-eabi/10.3.1/../../../../arm-none-eabi/lib/thumb/v7e-m+fp/hard\libc_nano.a(lib_a-writer.o)
                0x0000000008007b3c                _write_r
 .text._close_r
                0x0000000008007b60       0x20 c:/st/stm32cubeide_1.8.0/stm32cubeide/plugins/com.st.stm32cube.ide.mcu.externaltools.gnu-tools-for-stm32.10.3-2021.10.win32_1.0.0.202111181127/tools/bin/../lib/gcc/arm-none-eabi/10.3.1/../../../../arm-none-eabi/lib/thumb/v7e-m+fp/hard\libc_nano.a(lib_a-closer.o)
                0x0000000008007b60                _close_r
 .text._fstat_r
                0x0000000008007b80       0x24 c:/st/stm32cubeide_1.8.0/stm32cubeide/plugins/com.st.stm32cube.ide.mcu.externaltools.gnu-tools-for-stm32.10.3-2021.10.win32_1.0.0.202111181127/tools/bin/../lib/gcc/arm-none-eabi/10.3.1/../../../../arm-none-eabi/lib/thumb/v7e-m+fp/hard\libc_nano.a(lib_a-fstatr.o)
                0x0000000008007b80                _fstat_r
 .text._isatty_r
                0x0000000008007ba4       0x20 c:/st/stm32cubeide_1.8.0/stm32cubeide/plugins/com.st.stm32cube.ide.mcu.externaltools.gnu-tools-for-stm32.10.3-2021.10.win32_1.0.0.202111181127/tools/bin/../lib/gcc/arm-none-eabi/10.3.1/../../../../arm-none-eabi/lib/thumb/v7e-m+fp/hard\libc_nano.a(lib_a-isattyr.o)
                0x0000000008007ba4                _isatty_r
 .text._lseek_r
                0x0000000008007bc4       0x24 c:/st/stm32cubeide_1.8.0/stm32cubeide/plugins/com.st.stm32cube.ide.mcu.externaltools.gnu-tools-for-stm32.10.3-2021.10.win32_1.0.0.202111181127/tools/bin/../lib/gcc/arm-none-eabi/10.3.1/../../../../arm-none-eabi/lib/thumb/v7e-m+fp/hard\libc_nano.a(lib_a-lseekr.o)
                0x0000000008007bc4                _lseek_r
 .text.memmove  0x0000000008007be8       0x34 c:/st/stm32cubeide_1.8.0/stm32cubeide/plugins/com.st.stm32cube.ide.mcu.externaltools.gnu-tools-for-stm32.10.3-2021.10.win32_1.0.0.202111181127/tools/bin/../lib/gcc/arm-none-eabi/10.3.1/../../../../arm-none-eabi/lib/thumb/v7e-m+fp/hard\libc_nano.a(lib_a-memmove.o)
                0x0000000008007be8                memmove
 .text._realloc_r
                0x0000000008007c1c       0x5e c:/st/stm32cubeide_1.8.0/stm32cubeide/plugins/com.st.stm32cube.ide.mcu.externaltools.gnu-tools-for-stm32.10.3-2021.10.win32_1.0.0.202111181127/tools/bin/../lib/gcc/arm-none-eabi/10.3.1/../../../../arm-none-eabi/lib/thumb/v7e-m+fp/hard\libc_nano.a(lib_a-nano-reallocr.o)
                0x0000000008007c1c                _realloc_r
 *fill*         0x0000000008007c7a        0x2 
 .text._read_r  0x0000000008007c7c       0x24 c:/st/stm32cubeide_1.8.0/stm32cubeide/plugins/com.st.stm32cube.ide.mcu.externaltools.gnu-tools-for-stm32.10.3-2021.10.win32_1.0.0.202111181127/tools/bin/../lib/gcc/arm-none-eabi/10.3.1/../../../../arm-none-eabi/lib/thumb/v7e-m+fp/hard\libc_nano.a(lib_a-readr.o)
                0x0000000008007c7c                _read_r
 .text._malloc_usable_size_r
                0x0000000008007ca0       0x10 c:/st/stm32cubeide_1.8.0/stm32cubeide/plugins/com.st.stm32cube.ide.mcu.externaltools.gnu-tools-for-stm32.10.3-2021.10.win32_1.0.0.202111181127/tools/bin/../lib/gcc/arm-none-eabi/10.3.1/../../../../arm-none-eabi/lib/thumb/v7e-m+fp/hard\libc_nano.a(lib_a-nano-msizer.o)
                0x0000000008007ca0                _malloc_usable_size_r
 *(.glue_7)
 .glue_7        0x0000000008007cb0        0x0 linker stubs
 *(.glue_7t)
 .glue_7t       0x0000000008007cb0        0x0 linker stubs
 *(.eh_frame)
 .eh_frame      0x0000000008007cb0        0x0 c:/st/stm32cubeide_1.8.0/stm32cubeide/plugins/com.st.stm32cube.ide.mcu.externaltools.gnu-tools-for-stm32.10.3-2021.10.win32_1.0.0.202111181127/tools/bin/../lib/gcc/arm-none-eabi/10.3.1/thumb/v7e-m+fp/hard/crtbegin.o
 *(.init)
 .init          0x0000000008007cb0        0x4 c:/st/stm32cubeide_1.8.0/stm32cubeide/plugins/com.st.stm32cube.ide.mcu.externaltools.gnu-tools-for-stm32.10.3-2021.10.win32_1.0.0.202111181127/tools/bin/../lib/gcc/arm-none-eabi/10.3.1/thumb/v7e-m+fp/hard/crti.o
                0x0000000008007cb0                _init
 .init          0x0000000008007cb4        0x8 c:/st/stm32cubeide_1.8.0/stm32cubeide/plugins/com.st.stm32cube.ide.mcu.externaltools.gnu-tools-for-stm32.10.3-2021.10.win32_1.0.0.202111181127/tools/bin/../lib/gcc/arm-none-eabi/10.3.1/thumb/v7e-m+fp/hard/crtn.o
 *(.fini)
 .fini          0x0000000008007cbc        0x4 c:/st/stm32cubeide_1.8.0/stm32cubeide/plugins/com.st.stm32cube.ide.mcu.externaltools.gnu-tools-for-stm32.10.3-2021.10.win32_1.0.0.202111181127/tools/bin/../lib/gcc/arm-none-eabi/10.3.1/thumb/v7e-m+fp/hard/crti.o
                0x0000000008007cbc                _fini
 .fini          0x0000000008007cc0        0x8 c:/st/stm32cubeide_1.8.0/stm32cubeide/plugins/com.st.stm32cube.ide.mcu.externaltools.gnu-tools-for-stm32.10.3-2021.10.win32_1.0.0.202111181127/tools/bin/../lib/gcc/arm-none-eabi/10.3.1/thumb/v7e-m+fp/hard/crtn.o
                0x0000000008007cc8                . = ALIGN (0x4)
                0x0000000008007cc8                _etext = .

.vfp11_veneer   0x0000000008007cc8        0x0
 .vfp11_veneer  0x0000000008007cc8        0x0 linker stubs

.v4_bx          0x0000000008007cc8        0x0
 .v4_bx         0x0000000008007cc8        0x0 linker stubs

.iplt           0x0000000008007cc8        0x0
 .iplt          0x0000000008007cc8        0x0 c:/st/stm32cubeide_1.8.0/stm32cubeide/plugins/com.st.stm32cube.ide.mcu.externaltools.gnu-tools-for-stm32.10.3-2021.10.win32_1.0.0.202111181127/tools/bin/../lib/gcc/arm-none-eabi/10.3.1/thumb/v7e-m+fp/hard/crtbegin.o

.rodata         0x0000000008007cc8      0x4b0
                0x0000000008007cc8                . = ALIGN (0x4)
 *(.rodata)
 .rodata        0x0000000008007cc8       0x34 ./Application/User/main.o
 .rodata        0x0000000008007cfc       0xba ./ov7670.o
 *(.rodata*)
 *fill*         0x0000000008007db6        0x2 
 .rodata.AHBPrescTable
                0x0000000008007db8       0x10 ./Drivers/CMSIS/system_stm32f4xx.o
                0x0000000008007db8                AHBPrescTable
 .rodata.APBPrescTable
                0x0000000008007dc8        0x8 ./Drivers/CMSIS/system_stm32f4xx.o
                0x0000000008007dc8                APBPrescTable
 .rodata.flagBitshiftOffset.0
                0x0000000008007dd0        0x8 ./Drivers/STM32F4xx_HAL_Driver/stm32f4xx_hal_dma.o
 .rodata.OV7670_JPEG_INIT
                0x0000000008007dd8      0x13c ./ov7670.o
                0x0000000008007dd8                OV7670_JPEG_INIT
 .rodata.OV7670_YUV422
                0x0000000008007f14       0x1a ./ov7670.o
                0x0000000008007f14                OV7670_YUV422
 *fill*         0x0000000008007f2e        0x2 
 .rodata.OV7670_160x120_JPEG
                0x0000000008007f30       0x50 ./ov7670.o
                0x0000000008007f30                OV7670_160x120_JPEG
 .rodata.OV7670_320x240_JPEG
                0x0000000008007f80       0x14 ./ov7670.o
                0x0000000008007f80                OV7670_320x240_JPEG
 .rodata.OV7670_640x480_JPEG
                0x0000000008007f94       0x52 ./ov7670.o
                0x0000000008007f94                OV7670_640x480_JPEG
 *fill*         0x0000000008007fe6        0x2 
 .rodata.OV7670_800x600_JPEG
                0x0000000008007fe8       0x52 ./ov7670.o
                0x0000000008007fe8                OV7670_800x600_JPEG
 *fill*         0x000000000800803a        0x2 
 .rodata.OV7670_1024x768_JPEG
                0x000000000800803c       0x4e ./ov7670.o
                0x000000000800803c                OV7670_1024x768_JPEG
 *fill*         0x000000000800808a        0x2 
 .rodata.OV7670_1280x960_JPEG
                0x000000000800808c       0x52 ./ov7670.o
                0x000000000800808c                OV7670_1280x960_JPEG
 *fill*         0x00000000080080de        0x2 
 .rodata._global_impure_ptr
                0x00000000080080e0        0x4 c:/st/stm32cubeide_1.8.0/stm32cubeide/plugins/com.st.stm32cube.ide.mcu.externaltools.gnu-tools-for-stm32.10.3-2021.10.win32_1.0.0.202111181127/tools/bin/../lib/gcc/arm-none-eabi/10.3.1/../../../../arm-none-eabi/lib/thumb/v7e-m+fp/hard\libc_nano.a(lib_a-impure.o)
                0x00000000080080e0                _global_impure_ptr
 .rodata.__sf_fake_stderr
                0x00000000080080e4       0x20 c:/st/stm32cubeide_1.8.0/stm32cubeide/plugins/com.st.stm32cube.ide.mcu.externaltools.gnu-tools-for-stm32.10.3-2021.10.win32_1.0.0.202111181127/tools/bin/../lib/gcc/arm-none-eabi/10.3.1/../../../../arm-none-eabi/lib/thumb/v7e-m+fp/hard\libc_nano.a(lib_a-findfp.o)
                0x00000000080080e4                __sf_fake_stderr
 .rodata.__sf_fake_stdin
                0x0000000008008104       0x20 c:/st/stm32cubeide_1.8.0/stm32cubeide/plugins/com.st.stm32cube.ide.mcu.externaltools.gnu-tools-for-stm32.10.3-2021.10.win32_1.0.0.202111181127/tools/bin/../lib/gcc/arm-none-eabi/10.3.1/../../../../arm-none-eabi/lib/thumb/v7e-m+fp/hard\libc_nano.a(lib_a-findfp.o)
                0x0000000008008104                __sf_fake_stdin
 .rodata.__sf_fake_stdout
                0x0000000008008124       0x20 c:/st/stm32cubeide_1.8.0/stm32cubeide/plugins/com.st.stm32cube.ide.mcu.externaltools.gnu-tools-for-stm32.10.3-2021.10.win32_1.0.0.202111181127/tools/bin/../lib/gcc/arm-none-eabi/10.3.1/../../../../arm-none-eabi/lib/thumb/v7e-m+fp/hard\libc_nano.a(lib_a-findfp.o)
                0x0000000008008124                __sf_fake_stdout
 .rodata._svfprintf_r.str1.1
                0x0000000008008144       0x11 c:/st/stm32cubeide_1.8.0/stm32cubeide/plugins/com.st.stm32cube.ide.mcu.externaltools.gnu-tools-for-stm32.10.3-2021.10.win32_1.0.0.202111181127/tools/bin/../lib/gcc/arm-none-eabi/10.3.1/../../../../arm-none-eabi/lib/thumb/v7e-m+fp/hard\libc_nano.a(lib_a-nano-svfprintf.o)
 .rodata._vfprintf_r.str1.1
                0x0000000008008155       0x11 c:/st/stm32cubeide_1.8.0/stm32cubeide/plugins/com.st.stm32cube.ide.mcu.externaltools.gnu-tools-for-stm32.10.3-2021.10.win32_1.0.0.202111181127/tools/bin/../lib/gcc/arm-none-eabi/10.3.1/../../../../arm-none-eabi/lib/thumb/v7e-m+fp/hard\libc_nano.a(lib_a-nano-vfprintf.o)
 .rodata._printf_i.str1.1
                0x0000000008008155       0x22 c:/st/stm32cubeide_1.8.0/stm32cubeide/plugins/com.st.stm32cube.ide.mcu.externaltools.gnu-tools-for-stm32.10.3-2021.10.win32_1.0.0.202111181127/tools/bin/../lib/gcc/arm-none-eabi/10.3.1/../../../../arm-none-eabi/lib/thumb/v7e-m+fp/hard\libc_nano.a(lib_a-nano-vfprintf_i.o)
                0x0000000008008178                . = ALIGN (0x4)
 *fill*         0x0000000008008177        0x1 

.ARM.extab      0x0000000008008178        0x0
                0x0000000008008178                . = ALIGN (0x4)
 *(.ARM.extab* .gnu.linkonce.armextab.*)
                0x0000000008008178                . = ALIGN (0x4)

.ARM            0x0000000008008178        0x8
                0x0000000008008178                . = ALIGN (0x4)
                0x0000000008008178                __exidx_start = .
 *(.ARM.exidx*)
 .ARM.exidx     0x0000000008008178        0x8 c:/st/stm32cubeide_1.8.0/stm32cubeide/plugins/com.st.stm32cube.ide.mcu.externaltools.gnu-tools-for-stm32.10.3-2021.10.win32_1.0.0.202111181127/tools/bin/../lib/gcc/arm-none-eabi/10.3.1/thumb/v7e-m+fp/hard\libgcc.a(_udivmoddi4.o)
                0x0000000008008180                __exidx_end = .
                0x0000000008008180                . = ALIGN (0x4)

.rel.dyn        0x0000000008008180        0x0
 .rel.iplt      0x0000000008008180        0x0 c:/st/stm32cubeide_1.8.0/stm32cubeide/plugins/com.st.stm32cube.ide.mcu.externaltools.gnu-tools-for-stm32.10.3-2021.10.win32_1.0.0.202111181127/tools/bin/../lib/gcc/arm-none-eabi/10.3.1/thumb/v7e-m+fp/hard/crtbegin.o

.preinit_array  0x0000000008008180        0x0
                0x0000000008008180                . = ALIGN (0x4)
                0x0000000008008180                PROVIDE (__preinit_array_start = .)
 *(.preinit_array*)
                0x0000000008008180                PROVIDE (__preinit_array_end = .)
                0x0000000008008180                . = ALIGN (0x4)

.init_array     0x0000000008008180        0x4
                0x0000000008008180                . = ALIGN (0x4)
                0x0000000008008180                PROVIDE (__init_array_start = .)
 *(SORT_BY_NAME(.init_array.*))
 *(.init_array*)
 .init_array    0x0000000008008180        0x4 c:/st/stm32cubeide_1.8.0/stm32cubeide/plugins/com.st.stm32cube.ide.mcu.externaltools.gnu-tools-for-stm32.10.3-2021.10.win32_1.0.0.202111181127/tools/bin/../lib/gcc/arm-none-eabi/10.3.1/thumb/v7e-m+fp/hard/crtbegin.o
                0x0000000008008184                PROVIDE (__init_array_end = .)
                0x0000000008008184                . = ALIGN (0x4)

.fini_array     0x0000000008008184        0x4
                0x0000000008008184                . = ALIGN (0x4)
                [!provide]                        PROVIDE (__fini_array_start = .)
 *(SORT_BY_NAME(.fini_array.*))
 *(.fini_array*)
 .fini_array    0x0000000008008184        0x4 c:/st/stm32cubeide_1.8.0/stm32cubeide/plugins/com.st.stm32cube.ide.mcu.externaltools.gnu-tools-for-stm32.10.3-2021.10.win32_1.0.0.202111181127/tools/bin/../lib/gcc/arm-none-eabi/10.3.1/thumb/v7e-m+fp/hard/crtbegin.o
                [!provide]                        PROVIDE (__fini_array_end = .)
                0x0000000008008188                . = ALIGN (0x4)
                0x0000000008008188                _sidata = LOADADDR (.data)

.data           0x0000000020000000       0x70 load address 0x0000000008008188
                0x0000000020000000                . = ALIGN (0x4)
                0x0000000020000000                _sdata = .
 *(.data)
 *(.data*)
 .data.SystemCoreClock
                0x0000000020000000        0x4 ./Drivers/CMSIS/system_stm32f4xx.o
                0x0000000020000000                SystemCoreClock
 .data.uwTickPrio
                0x0000000020000004        0x4 ./Drivers/STM32F4xx_HAL_Driver/stm32f4xx_hal.o
                0x0000000020000004                uwTickPrio
 .data.uwTickFreq
                0x0000000020000008        0x1 ./Drivers/STM32F4xx_HAL_Driver/stm32f4xx_hal.o
                0x0000000020000008                uwTickFreq
 *fill*         0x0000000020000009        0x3 
 .data._impure_ptr
                0x000000002000000c        0x4 c:/st/stm32cubeide_1.8.0/stm32cubeide/plugins/com.st.stm32cube.ide.mcu.externaltools.gnu-tools-for-stm32.10.3-2021.10.win32_1.0.0.202111181127/tools/bin/../lib/gcc/arm-none-eabi/10.3.1/../../../../arm-none-eabi/lib/thumb/v7e-m+fp/hard\libc_nano.a(lib_a-impure.o)
                0x000000002000000c                _impure_ptr
 .data.impure_data
                0x0000000020000010       0x60 c:/st/stm32cubeide_1.8.0/stm32cubeide/plugins/com.st.stm32cube.ide.mcu.externaltools.gnu-tools-for-stm32.10.3-2021.10.win32_1.0.0.202111181127/tools/bin/../lib/gcc/arm-none-eabi/10.3.1/../../../../arm-none-eabi/lib/thumb/v7e-m+fp/hard\libc_nano.a(lib_a-impure.o)
 *(.RamFunc)
 *(.RamFunc*)
                0x0000000020000070                . = ALIGN (0x4)
                0x0000000020000070                _edata = .
                0x00000000080081f8                _siccmram = LOADADDR (.ccmram)

.igot.plt       0x0000000020000070        0x0 load address 0x00000000080081f8
 .igot.plt      0x0000000020000070        0x0 c:/st/stm32cubeide_1.8.0/stm32cubeide/plugins/com.st.stm32cube.ide.mcu.externaltools.gnu-tools-for-stm32.10.3-2021.10.win32_1.0.0.202111181127/tools/bin/../lib/gcc/arm-none-eabi/10.3.1/thumb/v7e-m+fp/hard/crtbegin.o

.ccmram         0x0000000010000000        0x0 load address 0x00000000080081f8
                0x0000000010000000                . = ALIGN (0x4)
                0x0000000010000000                _sccmram = .
 *(.ccmram)
 *(.ccmram*)
                0x0000000010000000                . = ALIGN (0x4)
                0x0000000010000000                _eccmram = .
                0x0000000010000000                . = ALIGN (0x4)

.bss            0x0000000020000070     0x3c70
                0x0000000020000070                _sbss = .
                0x0000000020000070                __bss_start__ = _sbss
 *(.bss)
 .bss           0x0000000020000070       0x1c c:/st/stm32cubeide_1.8.0/stm32cubeide/plugins/com.st.stm32cube.ide.mcu.externaltools.gnu-tools-for-stm32.10.3-2021.10.win32_1.0.0.202111181127/tools/bin/../lib/gcc/arm-none-eabi/10.3.1/thumb/v7e-m+fp/hard/crtbegin.o
 *(.bss*)
 .bss.hdcmi     0x000000002000008c       0x40 ./Application/User/main.o
                0x000000002000008c                hdcmi
 .bss.hdma_dcmi
                0x00000000200000cc       0x60 ./Application/User/main.o
                0x00000000200000cc                hdma_dcmi
 .bss.hi2c1     0x000000002000012c       0x54 ./Application/User/main.o
                0x000000002000012c                hi2c1
 .bss.huart2    0x0000000020000180       0x44 ./Application/User/main.o
                0x0000000020000180                huart2
 .bss.hdma_usart2_tx
                0x00000000200001c4       0x60 ./Application/User/main.o
                0x00000000200001c4                hdma_usart2_tx
 .bss.frameBuffer
                0x0000000020000224     0x3a98 ./Application/User/main.o
                0x0000000020000224                frameBuffer
 .bss.mutex     0x0000000020003cbc        0x2 ./Application/User/main.o
                0x0000000020003cbc                mutex
 .bss.bufferPointer
                0x0000000020003cbe        0x2 ./Application/User/main.o
                0x0000000020003cbe                bufferPointer
 .bss.__sbrk_heap_end
                0x0000000020003cc0        0x4 ./Application/User/sysmem.o
 .bss.uwTick    0x0000000020003cc4        0x4 ./Drivers/STM32F4xx_HAL_Driver/stm32f4xx_hal.o
                0x0000000020003cc4                uwTick
 .bss.phi2c     0x0000000020003cc8        0x4 ./ov7670.o
                0x0000000020003cc8                phi2c
 .bss.phdcmi    0x0000000020003ccc        0x4 ./ov7670.o
                0x0000000020003ccc                phdcmi
 .bss.__lock___malloc_recursive_mutex
                0x0000000020003cd0        0x1 c:/st/stm32cubeide_1.8.0/stm32cubeide/plugins/com.st.stm32cube.ide.mcu.externaltools.gnu-tools-for-stm32.10.3-2021.10.win32_1.0.0.202111181127/tools/bin/../lib/gcc/arm-none-eabi/10.3.1/../../../../arm-none-eabi/lib/thumb/v7e-m+fp/hard\libc_nano.a(lib_a-lock.o)
                0x0000000020003cd0                __lock___malloc_recursive_mutex
 .bss.__lock___sfp_recursive_mutex
                0x0000000020003cd1        0x1 c:/st/stm32cubeide_1.8.0/stm32cubeide/plugins/com.st.stm32cube.ide.mcu.externaltools.gnu-tools-for-stm32.10.3-2021.10.win32_1.0.0.202111181127/tools/bin/../lib/gcc/arm-none-eabi/10.3.1/../../../../arm-none-eabi/lib/thumb/v7e-m+fp/hard\libc_nano.a(lib_a-lock.o)
                0x0000000020003cd1                __lock___sfp_recursive_mutex
 .bss.__lock___sinit_recursive_mutex
                0x0000000020003cd2        0x1 c:/st/stm32cubeide_1.8.0/stm32cubeide/plugins/com.st.stm32cube.ide.mcu.externaltools.gnu-tools-for-stm32.10.3-2021.10.win32_1.0.0.202111181127/tools/bin/../lib/gcc/arm-none-eabi/10.3.1/../../../../arm-none-eabi/lib/thumb/v7e-m+fp/hard\libc_nano.a(lib_a-lock.o)
                0x0000000020003cd2                __lock___sinit_recursive_mutex
 *fill*         0x0000000020003cd3        0x1 
 .bss.__malloc_free_list
                0x0000000020003cd4        0x4 c:/st/stm32cubeide_1.8.0/stm32cubeide/plugins/com.st.stm32cube.ide.mcu.externaltools.gnu-tools-for-stm32.10.3-2021.10.win32_1.0.0.202111181127/tools/bin/../lib/gcc/arm-none-eabi/10.3.1/../../../../arm-none-eabi/lib/thumb/v7e-m+fp/hard\libc_nano.a(lib_a-nano-mallocr.o)
                0x0000000020003cd4                __malloc_free_list
 .bss.__malloc_sbrk_start
                0x0000000020003cd8        0x4 c:/st/stm32cubeide_1.8.0/stm32cubeide/plugins/com.st.stm32cube.ide.mcu.externaltools.gnu-tools-for-stm32.10.3-2021.10.win32_1.0.0.202111181127/tools/bin/../lib/gcc/arm-none-eabi/10.3.1/../../../../arm-none-eabi/lib/thumb/v7e-m+fp/hard\libc_nano.a(lib_a-nano-mallocr.o)
                0x0000000020003cd8                __malloc_sbrk_start
 .bss.errno     0x0000000020003cdc        0x4 c:/st/stm32cubeide_1.8.0/stm32cubeide/plugins/com.st.stm32cube.ide.mcu.externaltools.gnu-tools-for-stm32.10.3-2021.10.win32_1.0.0.202111181127/tools/bin/../lib/gcc/arm-none-eabi/10.3.1/../../../../arm-none-eabi/lib/thumb/v7e-m+fp/hard\libc_nano.a(lib_a-reent.o)
                0x0000000020003cdc                errno
 *(COMMON)
                0x0000000020003ce0                . = ALIGN (0x4)
                0x0000000020003ce0                _ebss = .
                0x0000000020003ce0                __bss_end__ = _ebss

._user_heap_stack
                0x0000000020003ce0      0x600
                0x0000000020003ce0                . = ALIGN (0x8)
                [!provide]                        PROVIDE (end = .)
                0x0000000020003ce0                PROVIDE (_end = .)
                0x0000000020003ee0                . = (. + _Min_Heap_Size)
 *fill*         0x0000000020003ce0      0x200 
                0x00000000200042e0                . = (. + _Min_Stack_Size)
 *fill*         0x0000000020003ee0      0x400 
                0x00000000200042e0                . = ALIGN (0x8)

/DISCARD/
 libc.a(*)
 libm.a(*)
 libgcc.a(*)

.ARM.attributes
                0x0000000000000000       0x30
 *(.ARM.attributes)
 .ARM.attributes
                0x0000000000000000       0x1e c:/st/stm32cubeide_1.8.0/stm32cubeide/plugins/com.st.stm32cube.ide.mcu.externaltools.gnu-tools-for-stm32.10.3-2021.10.win32_1.0.0.202111181127/tools/bin/../lib/gcc/arm-none-eabi/10.3.1/thumb/v7e-m+fp/hard/crti.o
 .ARM.attributes
                0x000000000000001e       0x34 c:/st/stm32cubeide_1.8.0/stm32cubeide/plugins/com.st.stm32cube.ide.mcu.externaltools.gnu-tools-for-stm32.10.3-2021.10.win32_1.0.0.202111181127/tools/bin/../lib/gcc/arm-none-eabi/10.3.1/thumb/v7e-m+fp/hard/crtbegin.o
 .ARM.attributes
                0x0000000000000052       0x21 ./Application/Startup/startup_stm32f407vgtx.o
 .ARM.attributes
                0x0000000000000073       0x34 ./Application/User/main.o
 .ARM.attributes
                0x00000000000000a7       0x34 ./Application/User/stm32f4xx_hal_msp.o
 .ARM.attributes
                0x00000000000000db       0x34 ./Application/User/stm32f4xx_it.o
 .ARM.attributes
                0x000000000000010f       0x34 ./Application/User/syscalls.o
 .ARM.attributes
                0x0000000000000143       0x34 ./Application/User/sysmem.o
 .ARM.attributes
                0x0000000000000177       0x34 ./Drivers/CMSIS/system_stm32f4xx.o
 .ARM.attributes
                0x00000000000001ab       0x34 ./Drivers/STM32F4xx_HAL_Driver/stm32f4xx_hal.o
 .ARM.attributes
                0x00000000000001df       0x34 ./Drivers/STM32F4xx_HAL_Driver/stm32f4xx_hal_cortex.o
 .ARM.attributes
                0x0000000000000213       0x34 ./Drivers/STM32F4xx_HAL_Driver/stm32f4xx_hal_dcmi.o
 .ARM.attributes
                0x0000000000000247       0x34 ./Drivers/STM32F4xx_HAL_Driver/stm32f4xx_hal_dcmi_ex.o
 .ARM.attributes
                0x000000000000027b       0x34 ./Drivers/STM32F4xx_HAL_Driver/stm32f4xx_hal_dma.o
 .ARM.attributes
                0x00000000000002af       0x34 ./Drivers/STM32F4xx_HAL_Driver/stm32f4xx_hal_dma_ex.o
 .ARM.attributes
                0x00000000000002e3       0x34 ./Drivers/STM32F4xx_HAL_Driver/stm32f4xx_hal_gpio.o
 .ARM.attributes
                0x0000000000000317       0x34 ./Drivers/STM32F4xx_HAL_Driver/stm32f4xx_hal_i2c.o
 .ARM.attributes
                0x000000000000034b       0x34 ./Drivers/STM32F4xx_HAL_Driver/stm32f4xx_hal_rcc.o
 .ARM.attributes
                0x000000000000037f       0x34 ./Drivers/STM32F4xx_HAL_Driver/stm32f4xx_hal_rcc_ex.o
 .ARM.attributes
                0x00000000000003b3       0x34 ./Drivers/STM32F4xx_HAL_Driver/stm32f4xx_hal_uart.o
 .ARM.attributes
                0x00000000000003e7       0x34 ./ov7670.o
 .ARM.attributes
                0x000000000000041b       0x34 c:/st/stm32cubeide_1.8.0/stm32cubeide/plugins/com.st.stm32cube.ide.mcu.externaltools.gnu-tools-for-stm32.10.3-2021.10.win32_1.0.0.202111181127/tools/bin/../lib/gcc/arm-none-eabi/10.3.1/../../../../arm-none-eabi/lib/thumb/v7e-m+fp/hard\libc_nano.a(lib_a-errno.o)
 .ARM.attributes
                0x000000000000044f       0x34 c:/st/stm32cubeide_1.8.0/stm32cubeide/plugins/com.st.stm32cube.ide.mcu.externaltools.gnu-tools-for-stm32.10.3-2021.10.win32_1.0.0.202111181127/tools/bin/../lib/gcc/arm-none-eabi/10.3.1/../../../../arm-none-eabi/lib/thumb/v7e-m+fp/hard\libc_nano.a(lib_a-impure.o)
 .ARM.attributes
                0x0000000000000483       0x34 c:/st/stm32cubeide_1.8.0/stm32cubeide/plugins/com.st.stm32cube.ide.mcu.externaltools.gnu-tools-for-stm32.10.3-2021.10.win32_1.0.0.202111181127/tools/bin/../lib/gcc/arm-none-eabi/10.3.1/../../../../arm-none-eabi/lib/thumb/v7e-m+fp/hard\libc_nano.a(lib_a-init.o)
 .ARM.attributes
                0x00000000000004b7       0x34 c:/st/stm32cubeide_1.8.0/stm32cubeide/plugins/com.st.stm32cube.ide.mcu.externaltools.gnu-tools-for-stm32.10.3-2021.10.win32_1.0.0.202111181127/tools/bin/../lib/gcc/arm-none-eabi/10.3.1/../../../../arm-none-eabi/lib/thumb/v7e-m+fp/hard\libc_nano.a(lib_a-lock.o)
 .ARM.attributes
                0x00000000000004eb       0x34 c:/st/stm32cubeide_1.8.0/stm32cubeide/plugins/com.st.stm32cube.ide.mcu.externaltools.gnu-tools-for-stm32.10.3-2021.10.win32_1.0.0.202111181127/tools/bin/../lib/gcc/arm-none-eabi/10.3.1/../../../../arm-none-eabi/lib/thumb/v7e-m+fp/hard\libc_nano.a(lib_a-memcpy-stub.o)
 .ARM.attributes
                0x000000000000051f       0x34 c:/st/stm32cubeide_1.8.0/stm32cubeide/plugins/com.st.stm32cube.ide.mcu.externaltools.gnu-tools-for-stm32.10.3-2021.10.win32_1.0.0.202111181127/tools/bin/../lib/gcc/arm-none-eabi/10.3.1/../../../../arm-none-eabi/lib/thumb/v7e-m+fp/hard\libc_nano.a(lib_a-memset.o)
 .ARM.attributes
                0x0000000000000553       0x34 c:/st/stm32cubeide_1.8.0/stm32cubeide/plugins/com.st.stm32cube.ide.mcu.externaltools.gnu-tools-for-stm32.10.3-2021.10.win32_1.0.0.202111181127/tools/bin/../lib/gcc/arm-none-eabi/10.3.1/../../../../arm-none-eabi/lib/thumb/v7e-m+fp/hard\libc_nano.a(lib_a-nano-freer.o)
 .ARM.attributes
                0x0000000000000587       0x34 c:/st/stm32cubeide_1.8.0/stm32cubeide/plugins/com.st.stm32cube.ide.mcu.externaltools.gnu-tools-for-stm32.10.3-2021.10.win32_1.0.0.202111181127/tools/bin/../lib/gcc/arm-none-eabi/10.3.1/../../../../arm-none-eabi/lib/thumb/v7e-m+fp/hard\libc_nano.a(lib_a-nano-mallocr.o)
 .ARM.attributes
                0x00000000000005bb       0x34 c:/st/stm32cubeide_1.8.0/stm32cubeide/plugins/com.st.stm32cube.ide.mcu.externaltools.gnu-tools-for-stm32.10.3-2021.10.win32_1.0.0.202111181127/tools/bin/../lib/gcc/arm-none-eabi/10.3.1/../../../../arm-none-eabi/lib/thumb/v7e-m+fp/hard\libc_nano.a(lib_a-printf.o)
 .ARM.attributes
                0x00000000000005ef       0x34 c:/st/stm32cubeide_1.8.0/stm32cubeide/plugins/com.st.stm32cube.ide.mcu.externaltools.gnu-tools-for-stm32.10.3-2021.10.win32_1.0.0.202111181127/tools/bin/../lib/gcc/arm-none-eabi/10.3.1/../../../../arm-none-eabi/lib/thumb/v7e-m+fp/hard\libc_nano.a(lib_a-sbrkr.o)
 .ARM.attributes
                0x0000000000000623       0x17 c:/st/stm32cubeide_1.8.0/stm32cubeide/plugins/com.st.stm32cube.ide.mcu.externaltools.gnu-tools-for-stm32.10.3-2021.10.win32_1.0.0.202111181127/tools/bin/../lib/gcc/arm-none-eabi/10.3.1/../../../../arm-none-eabi/lib/thumb/v7e-m+fp/hard\libc_nano.a(lib_a-strlen.o)
 .ARM.attributes
                0x000000000000063a       0x34 c:/st/stm32cubeide_1.8.0/stm32cubeide/plugins/com.st.stm32cube.ide.mcu.externaltools.gnu-tools-for-stm32.10.3-2021.10.win32_1.0.0.202111181127/tools/bin/../lib/gcc/arm-none-eabi/10.3.1/../../../../arm-none-eabi/lib/thumb/v7e-m+fp/hard\libc_nano.a(lib_a-vsprintf.o)
 .ARM.attributes
                0x000000000000066e       0x34 c:/st/stm32cubeide_1.8.0/stm32cubeide/plugins/com.st.stm32cube.ide.mcu.externaltools.gnu-tools-for-stm32.10.3-2021.10.win32_1.0.0.202111181127/tools/bin/../lib/gcc/arm-none-eabi/10.3.1/../../../../arm-none-eabi/lib/thumb/v7e-m+fp/hard\libc_nano.a(lib_a-wbuf.o)
 .ARM.attributes
                0x00000000000006a2       0x34 c:/st/stm32cubeide_1.8.0/stm32cubeide/plugins/com.st.stm32cube.ide.mcu.externaltools.gnu-tools-for-stm32.10.3-2021.10.win32_1.0.0.202111181127/tools/bin/../lib/gcc/arm-none-eabi/10.3.1/../../../../arm-none-eabi/lib/thumb/v7e-m+fp/hard\libc_nano.a(lib_a-wsetup.o)
 .ARM.attributes
                0x00000000000006d6       0x34 c:/st/stm32cubeide_1.8.0/stm32cubeide/plugins/com.st.stm32cube.ide.mcu.externaltools.gnu-tools-for-stm32.10.3-2021.10.win32_1.0.0.202111181127/tools/bin/../lib/gcc/arm-none-eabi/10.3.1/../../../../arm-none-eabi/lib/thumb/v7e-m+fp/hard\libc_nano.a(lib_a-fflush.o)
 .ARM.attributes
                0x000000000000070a       0x34 c:/st/stm32cubeide_1.8.0/stm32cubeide/plugins/com.st.stm32cube.ide.mcu.externaltools.gnu-tools-for-stm32.10.3-2021.10.win32_1.0.0.202111181127/tools/bin/../lib/gcc/arm-none-eabi/10.3.1/../../../../arm-none-eabi/lib/thumb/v7e-m+fp/hard\libc_nano.a(lib_a-findfp.o)
 .ARM.attributes
                0x000000000000073e       0x34 c:/st/stm32cubeide_1.8.0/stm32cubeide/plugins/com.st.stm32cube.ide.mcu.externaltools.gnu-tools-for-stm32.10.3-2021.10.win32_1.0.0.202111181127/tools/bin/../lib/gcc/arm-none-eabi/10.3.1/../../../../arm-none-eabi/lib/thumb/v7e-m+fp/hard\libc_nano.a(lib_a-fwalk.o)
 .ARM.attributes
                0x0000000000000772       0x34 c:/st/stm32cubeide_1.8.0/stm32cubeide/plugins/com.st.stm32cube.ide.mcu.externaltools.gnu-tools-for-stm32.10.3-2021.10.win32_1.0.0.202111181127/tools/bin/../lib/gcc/arm-none-eabi/10.3.1/../../../../arm-none-eabi/lib/thumb/v7e-m+fp/hard\libc_nano.a(lib_a-makebuf.o)
 .ARM.attributes
                0x00000000000007a6       0x34 c:/st/stm32cubeide_1.8.0/stm32cubeide/plugins/com.st.stm32cube.ide.mcu.externaltools.gnu-tools-for-stm32.10.3-2021.10.win32_1.0.0.202111181127/tools/bin/../lib/gcc/arm-none-eabi/10.3.1/../../../../arm-none-eabi/lib/thumb/v7e-m+fp/hard\libc_nano.a(lib_a-mlock.o)
 .ARM.attributes
                0x00000000000007da       0x34 c:/st/stm32cubeide_1.8.0/stm32cubeide/plugins/com.st.stm32cube.ide.mcu.externaltools.gnu-tools-for-stm32.10.3-2021.10.win32_1.0.0.202111181127/tools/bin/../lib/gcc/arm-none-eabi/10.3.1/../../../../arm-none-eabi/lib/thumb/v7e-m+fp/hard\libc_nano.a(lib_a-nano-svfprintf.o)
 .ARM.attributes
                0x000000000000080e       0x34 c:/st/stm32cubeide_1.8.0/stm32cubeide/plugins/com.st.stm32cube.ide.mcu.externaltools.gnu-tools-for-stm32.10.3-2021.10.win32_1.0.0.202111181127/tools/bin/../lib/gcc/arm-none-eabi/10.3.1/../../../../arm-none-eabi/lib/thumb/v7e-m+fp/hard\libc_nano.a(lib_a-nano-vfprintf.o)
 .ARM.attributes
                0x0000000000000842       0x34 c:/st/stm32cubeide_1.8.0/stm32cubeide/plugins/com.st.stm32cube.ide.mcu.externaltools.gnu-tools-for-stm32.10.3-2021.10.win32_1.0.0.202111181127/tools/bin/../lib/gcc/arm-none-eabi/10.3.1/../../../../arm-none-eabi/lib/thumb/v7e-m+fp/hard\libc_nano.a(lib_a-nano-vfprintf_i.o)
 .ARM.attributes
                0x0000000000000876       0x34 c:/st/stm32cubeide_1.8.0/stm32cubeide/plugins/com.st.stm32cube.ide.mcu.externaltools.gnu-tools-for-stm32.10.3-2021.10.win32_1.0.0.202111181127/tools/bin/../lib/gcc/arm-none-eabi/10.3.1/../../../../arm-none-eabi/lib/thumb/v7e-m+fp/hard\libc_nano.a(lib_a-reent.o)
 .ARM.attributes
                0x00000000000008aa       0x34 c:/st/stm32cubeide_1.8.0/stm32cubeide/plugins/com.st.stm32cube.ide.mcu.externaltools.gnu-tools-for-stm32.10.3-2021.10.win32_1.0.0.202111181127/tools/bin/../lib/gcc/arm-none-eabi/10.3.1/../../../../arm-none-eabi/lib/thumb/v7e-m+fp/hard\libc_nano.a(lib_a-stdio.o)
 .ARM.attributes
                0x00000000000008de       0x34 c:/st/stm32cubeide_1.8.0/stm32cubeide/plugins/com.st.stm32cube.ide.mcu.externaltools.gnu-tools-for-stm32.10.3-2021.10.win32_1.0.0.202111181127/tools/bin/../lib/gcc/arm-none-eabi/10.3.1/../../../../arm-none-eabi/lib/thumb/v7e-m+fp/hard\libc_nano.a(lib_a-writer.o)
 .ARM.attributes
                0x0000000000000912       0x34 c:/st/stm32cubeide_1.8.0/stm32cubeide/plugins/com.st.stm32cube.ide.mcu.externaltools.gnu-tools-for-stm32.10.3-2021.10.win32_1.0.0.202111181127/tools/bin/../lib/gcc/arm-none-eabi/10.3.1/../../../../arm-none-eabi/lib/thumb/v7e-m+fp/hard\libc_nano.a(lib_a-closer.o)
 .ARM.attributes
                0x0000000000000946       0x34 c:/st/stm32cubeide_1.8.0/stm32cubeide/plugins/com.st.stm32cube.ide.mcu.externaltools.gnu-tools-for-stm32.10.3-2021.10.win32_1.0.0.202111181127/tools/bin/../lib/gcc/arm-none-eabi/10.3.1/../../../../arm-none-eabi/lib/thumb/v7e-m+fp/hard\libc_nano.a(lib_a-fstatr.o)
 .ARM.attributes
                0x000000000000097a       0x34 c:/st/stm32cubeide_1.8.0/stm32cubeide/plugins/com.st.stm32cube.ide.mcu.externaltools.gnu-tools-for-stm32.10.3-2021.10.win32_1.0.0.202111181127/tools/bin/../lib/gcc/arm-none-eabi/10.3.1/../../../../arm-none-eabi/lib/thumb/v7e-m+fp/hard\libc_nano.a(lib_a-isattyr.o)
 .ARM.attributes
                0x00000000000009ae       0x34 c:/st/stm32cubeide_1.8.0/stm32cubeide/plugins/com.st.stm32cube.ide.mcu.externaltools.gnu-tools-for-stm32.10.3-2021.10.win32_1.0.0.202111181127/tools/bin/../lib/gcc/arm-none-eabi/10.3.1/../../../../arm-none-eabi/lib/thumb/v7e-m+fp/hard\libc_nano.a(lib_a-lseekr.o)
 .ARM.attributes
                0x00000000000009e2       0x1c c:/st/stm32cubeide_1.8.0/stm32cubeide/plugins/com.st.stm32cube.ide.mcu.externaltools.gnu-tools-for-stm32.10.3-2021.10.win32_1.0.0.202111181127/tools/bin/../lib/gcc/arm-none-eabi/10.3.1/../../../../arm-none-eabi/lib/thumb/v7e-m+fp/hard\libc_nano.a(lib_a-memchr.o)
 .ARM.attributes
                0x00000000000009fe       0x34 c:/st/stm32cubeide_1.8.0/stm32cubeide/plugins/com.st.stm32cube.ide.mcu.externaltools.gnu-tools-for-stm32.10.3-2021.10.win32_1.0.0.202111181127/tools/bin/../lib/gcc/arm-none-eabi/10.3.1/../../../../arm-none-eabi/lib/thumb/v7e-m+fp/hard\libc_nano.a(lib_a-memmove.o)
 .ARM.attributes
                0x0000000000000a32       0x34 c:/st/stm32cubeide_1.8.0/stm32cubeide/plugins/com.st.stm32cube.ide.mcu.externaltools.gnu-tools-for-stm32.10.3-2021.10.win32_1.0.0.202111181127/tools/bin/../lib/gcc/arm-none-eabi/10.3.1/../../../../arm-none-eabi/lib/thumb/v7e-m+fp/hard\libc_nano.a(lib_a-nano-reallocr.o)
 .ARM.attributes
                0x0000000000000a66       0x34 c:/st/stm32cubeide_1.8.0/stm32cubeide/plugins/com.st.stm32cube.ide.mcu.externaltools.gnu-tools-for-stm32.10.3-2021.10.win32_1.0.0.202111181127/tools/bin/../lib/gcc/arm-none-eabi/10.3.1/../../../../arm-none-eabi/lib/thumb/v7e-m+fp/hard\libc_nano.a(lib_a-readr.o)
 .ARM.attributes
                0x0000000000000a9a       0x34 c:/st/stm32cubeide_1.8.0/stm32cubeide/plugins/com.st.stm32cube.ide.mcu.externaltools.gnu-tools-for-stm32.10.3-2021.10.win32_1.0.0.202111181127/tools/bin/../lib/gcc/arm-none-eabi/10.3.1/../../../../arm-none-eabi/lib/thumb/v7e-m+fp/hard\libc_nano.a(lib_a-nano-msizer.o)
 .ARM.attributes
                0x0000000000000ace       0x1e c:/st/stm32cubeide_1.8.0/stm32cubeide/plugins/com.st.stm32cube.ide.mcu.externaltools.gnu-tools-for-stm32.10.3-2021.10.win32_1.0.0.202111181127/tools/bin/../lib/gcc/arm-none-eabi/10.3.1/thumb/v7e-m+fp/hard\libgcc.a(_aeabi_uldivmod.o)
 .ARM.attributes
                0x0000000000000aec       0x34 c:/st/stm32cubeide_1.8.0/stm32cubeide/plugins/com.st.stm32cube.ide.mcu.externaltools.gnu-tools-for-stm32.10.3-2021.10.win32_1.0.0.202111181127/tools/bin/../lib/gcc/arm-none-eabi/10.3.1/thumb/v7e-m+fp/hard\libgcc.a(_udivmoddi4.o)
 .ARM.attributes
                0x0000000000000b20       0x1e c:/st/stm32cubeide_1.8.0/stm32cubeide/plugins/com.st.stm32cube.ide.mcu.externaltools.gnu-tools-for-stm32.10.3-2021.10.win32_1.0.0.202111181127/tools/bin/../lib/gcc/arm-none-eabi/10.3.1/thumb/v7e-m+fp/hard\libgcc.a(_dvmd_tls.o)
 .ARM.attributes
                0x0000000000000b3e       0x1e c:/st/stm32cubeide_1.8.0/stm32cubeide/plugins/com.st.stm32cube.ide.mcu.externaltools.gnu-tools-for-stm32.10.3-2021.10.win32_1.0.0.202111181127/tools/bin/../lib/gcc/arm-none-eabi/10.3.1/thumb/v7e-m+fp/hard/crtn.o
OUTPUT(DCMI_example.elf elf32-littlearm)
LOAD linker stubs
LOAD c:/st/stm32cubeide_1.8.0/stm32cubeide/plugins/com.st.stm32cube.ide.mcu.externaltools.gnu-tools-for-stm32.10.3-2021.10.win32_1.0.0.202111181127/tools/bin/../lib/gcc/arm-none-eabi/10.3.1/../../../../arm-none-eabi/lib/thumb/v7e-m+fp/hard\libc.a
LOAD c:/st/stm32cubeide_1.8.0/stm32cubeide/plugins/com.st.stm32cube.ide.mcu.externaltools.gnu-tools-for-stm32.10.3-2021.10.win32_1.0.0.202111181127/tools/bin/../lib/gcc/arm-none-eabi/10.3.1/../../../../arm-none-eabi/lib/thumb/v7e-m+fp/hard\libm.a
LOAD c:/st/stm32cubeide_1.8.0/stm32cubeide/plugins/com.st.stm32cube.ide.mcu.externaltools.gnu-tools-for-stm32.10.3-2021.10.win32_1.0.0.202111181127/tools/bin/../lib/gcc/arm-none-eabi/10.3.1/thumb/v7e-m+fp/hard\libgcc.a

.debug_line     0x0000000000000000    0x112cc
 .debug_line    0x0000000000000000       0x8f ./Application/Startup/startup_stm32f407vgtx.o
 .debug_line    0x000000000000008f      0xb92 ./Application/User/main.o
 .debug_line    0x0000000000000c21      0x8b9 ./Application/User/stm32f4xx_hal_msp.o
 .debug_line    0x00000000000014da      0x85c ./Application/User/stm32f4xx_it.o
 .debug_line    0x0000000000001d36      0x7f7 ./Application/User/syscalls.o
 .debug_line    0x000000000000252d      0x4ed ./Application/User/sysmem.o
 .debug_line    0x0000000000002a1a      0x7bb ./Drivers/CMSIS/system_stm32f4xx.o
 .debug_line    0x00000000000031d5      0xa26 ./Drivers/STM32F4xx_HAL_Driver/stm32f4xx_hal.o
 .debug_line    0x0000000000003bfb      0xcd5 ./Drivers/STM32F4xx_HAL_Driver/stm32f4xx_hal_cortex.o
 .debug_line    0x00000000000048d0      0xe26 ./Drivers/STM32F4xx_HAL_Driver/stm32f4xx_hal_dcmi.o
 .debug_line    0x00000000000056f6      0x7e1 ./Drivers/STM32F4xx_HAL_Driver/stm32f4xx_hal_dcmi_ex.o
 .debug_line    0x0000000000005ed7      0xf8d ./Drivers/STM32F4xx_HAL_Driver/stm32f4xx_hal_dma.o
 .debug_line    0x0000000000006e64     0x13b9 ./Drivers/STM32F4xx_HAL_Driver/stm32f4xx_hal_dma_ex.o
 .debug_line    0x000000000000821d      0xb9c ./Drivers/STM32F4xx_HAL_Driver/stm32f4xx_hal_gpio.o
 .debug_line    0x0000000000008db9     0x39d2 ./Drivers/STM32F4xx_HAL_Driver/stm32f4xx_hal_i2c.o
 .debug_line    0x000000000000c78b      0xda0 ./Drivers/STM32F4xx_HAL_Driver/stm32f4xx_hal_rcc.o
 .debug_line    0x000000000000d52b      0xa3c ./Drivers/STM32F4xx_HAL_Driver/stm32f4xx_hal_rcc_ex.o
 .debug_line    0x000000000000df67     0x2aad ./Drivers/STM32F4xx_HAL_Driver/stm32f4xx_hal_uart.o
 .debug_line    0x0000000000010a14      0x8b8 ./ov7670.o

.debug_info     0x0000000000000000     0xfa69
 .debug_info    0x0000000000000000       0x22 ./Application/Startup/startup_stm32f407vgtx.o
 .debug_info    0x0000000000000022     0x17a0 ./Application/User/main.o
 .debug_info    0x00000000000017c2     0x12e6 ./Application/User/stm32f4xx_hal_msp.o
 .debug_info    0x0000000000002aa8      0x93d ./Application/User/stm32f4xx_it.o
 .debug_info    0x00000000000033e5      0x6e0 ./Application/User/syscalls.o
 .debug_info    0x0000000000003ac5      0x171 ./Application/User/sysmem.o
 .debug_info    0x0000000000003c36      0x523 ./Drivers/CMSIS/system_stm32f4xx.o
 .debug_info    0x0000000000004159      0x97c ./Drivers/STM32F4xx_HAL_Driver/stm32f4xx_hal.o
 .debug_info    0x0000000000004ad5      0xe1b ./Drivers/STM32F4xx_HAL_Driver/stm32f4xx_hal_cortex.o
 .debug_info    0x00000000000058f0      0xb60 ./Drivers/STM32F4xx_HAL_Driver/stm32f4xx_hal_dcmi.o
 .debug_info    0x0000000000006450      0x5f8 ./Drivers/STM32F4xx_HAL_Driver/stm32f4xx_hal_dcmi_ex.o
 .debug_info    0x0000000000006a48      0x94f ./Drivers/STM32F4xx_HAL_Driver/stm32f4xx_hal_dma.o
 .debug_info    0x0000000000007397      0x541 ./Drivers/STM32F4xx_HAL_Driver/stm32f4xx_hal_dma_ex.o
 .debug_info    0x00000000000078d8      0x76a ./Drivers/STM32F4xx_HAL_Driver/stm32f4xx_hal_gpio.o
 .debug_info    0x0000000000008042     0x2609 ./Drivers/STM32F4xx_HAL_Driver/stm32f4xx_hal_i2c.o
 .debug_info    0x000000000000a64b      0x966 ./Drivers/STM32F4xx_HAL_Driver/stm32f4xx_hal_rcc.o
 .debug_info    0x000000000000afb1      0x569 ./Drivers/STM32F4xx_HAL_Driver/stm32f4xx_hal_rcc_ex.o
 .debug_info    0x000000000000b51a     0x319b ./Drivers/STM32F4xx_HAL_Driver/stm32f4xx_hal_uart.o
 .debug_info    0x000000000000e6b5     0x13b4 ./ov7670.o

.debug_abbrev   0x0000000000000000     0x2471
 .debug_abbrev  0x0000000000000000       0x12 ./Application/Startup/startup_stm32f407vgtx.o
 .debug_abbrev  0x0000000000000012      0x2e9 ./Application/User/main.o
 .debug_abbrev  0x00000000000002fb      0x22d ./Application/User/stm32f4xx_hal_msp.o
 .debug_abbrev  0x0000000000000528      0x15f ./Application/User/stm32f4xx_it.o
 .debug_abbrev  0x0000000000000687      0x1b3 ./Application/User/syscalls.o
 .debug_abbrev  0x000000000000083a       0xbb ./Application/User/sysmem.o
 .debug_abbrev  0x00000000000008f5      0x116 ./Drivers/CMSIS/system_stm32f4xx.o
 .debug_abbrev  0x0000000000000a0b      0x20d ./Drivers/STM32F4xx_HAL_Driver/stm32f4xx_hal.o
 .debug_abbrev  0x0000000000000c18      0x316 ./Drivers/STM32F4xx_HAL_Driver/stm32f4xx_hal_cortex.o
 .debug_abbrev  0x0000000000000f2e      0x230 ./Drivers/STM32F4xx_HAL_Driver/stm32f4xx_hal_dcmi.o
 .debug_abbrev  0x000000000000115e      0x132 ./Drivers/STM32F4xx_HAL_Driver/stm32f4xx_hal_dcmi_ex.o
 .debug_abbrev  0x0000000000001290      0x25b ./Drivers/STM32F4xx_HAL_Driver/stm32f4xx_hal_dma.o